Archive member included to satisfy reference by file (symbol)

C:/ST/STM32CubeIDE_1.16.0/STM32CubeIDE/plugins/com.st.stm32cube.ide.mcu.externaltools.gnu-tools-for-stm32.12.3.rel1.win32_1.0.200.202406191623/tools/bin/../lib/gcc/arm-none-eabi/12.3.1/../../../../arm-none-eabi/lib/thumb/v7e-m+fp/hard\libc_nano.a(libc_a-exit.o)
                              C:/ST/STM32CubeIDE_1.16.0/STM32CubeIDE/plugins/com.st.stm32cube.ide.mcu.externaltools.gnu-tools-for-stm32.12.3.rel1.win32_1.0.200.202406191623/tools/bin/../lib/gcc/arm-none-eabi/12.3.1/../../../../arm-none-eabi/lib/thumb/v7e-m+fp/hard/crt0.o (exit)
C:/ST/STM32CubeIDE_1.16.0/STM32CubeIDE/plugins/com.st.stm32cube.ide.mcu.externaltools.gnu-tools-for-stm32.12.3.rel1.win32_1.0.200.202406191623/tools/bin/../lib/gcc/arm-none-eabi/12.3.1/../../../../arm-none-eabi/lib/thumb/v7e-m+fp/hard\libc_nano.a(libc_a-itoa.o)
                              ./Core/Src/main.o (itoa)
C:/ST/STM32CubeIDE_1.16.0/STM32CubeIDE/plugins/com.st.stm32cube.ide.mcu.externaltools.gnu-tools-for-stm32.12.3.rel1.win32_1.0.200.202406191623/tools/bin/../lib/gcc/arm-none-eabi/12.3.1/../../../../arm-none-eabi/lib/thumb/v7e-m+fp/hard\libc_nano.a(libc_a-utoa.o)
                              C:/ST/STM32CubeIDE_1.16.0/STM32CubeIDE/plugins/com.st.stm32cube.ide.mcu.externaltools.gnu-tools-for-stm32.12.3.rel1.win32_1.0.200.202406191623/tools/bin/../lib/gcc/arm-none-eabi/12.3.1/../../../../arm-none-eabi/lib/thumb/v7e-m+fp/hard\libc_nano.a(libc_a-itoa.o) (__utoa)
C:/ST/STM32CubeIDE_1.16.0/STM32CubeIDE/plugins/com.st.stm32cube.ide.mcu.externaltools.gnu-tools-for-stm32.12.3.rel1.win32_1.0.200.202406191623/tools/bin/../lib/gcc/arm-none-eabi/12.3.1/../../../../arm-none-eabi/lib/thumb/v7e-m+fp/hard\libc_nano.a(libc_a-findfp.o)
                              ./Middlewares/Third_Party/FreeRTOS/Source/tasks.o (__sf)
C:/ST/STM32CubeIDE_1.16.0/STM32CubeIDE/plugins/com.st.stm32cube.ide.mcu.externaltools.gnu-tools-for-stm32.12.3.rel1.win32_1.0.200.202406191623/tools/bin/../lib/gcc/arm-none-eabi/12.3.1/../../../../arm-none-eabi/lib/thumb/v7e-m+fp/hard\libc_nano.a(libc_a-fwalk.o)
                              C:/ST/STM32CubeIDE_1.16.0/STM32CubeIDE/plugins/com.st.stm32cube.ide.mcu.externaltools.gnu-tools-for-stm32.12.3.rel1.win32_1.0.200.202406191623/tools/bin/../lib/gcc/arm-none-eabi/12.3.1/../../../../arm-none-eabi/lib/thumb/v7e-m+fp/hard\libc_nano.a(libc_a-findfp.o) (_fwalk_sglue)
C:/ST/STM32CubeIDE_1.16.0/STM32CubeIDE/plugins/com.st.stm32cube.ide.mcu.externaltools.gnu-tools-for-stm32.12.3.rel1.win32_1.0.200.202406191623/tools/bin/../lib/gcc/arm-none-eabi/12.3.1/../../../../arm-none-eabi/lib/thumb/v7e-m+fp/hard\libc_nano.a(libc_a-stdio.o)
                              C:/ST/STM32CubeIDE_1.16.0/STM32CubeIDE/plugins/com.st.stm32cube.ide.mcu.externaltools.gnu-tools-for-stm32.12.3.rel1.win32_1.0.200.202406191623/tools/bin/../lib/gcc/arm-none-eabi/12.3.1/../../../../arm-none-eabi/lib/thumb/v7e-m+fp/hard\libc_nano.a(libc_a-findfp.o) (__sread)
C:/ST/STM32CubeIDE_1.16.0/STM32CubeIDE/plugins/com.st.stm32cube.ide.mcu.externaltools.gnu-tools-for-stm32.12.3.rel1.win32_1.0.200.202406191623/tools/bin/../lib/gcc/arm-none-eabi/12.3.1/../../../../arm-none-eabi/lib/thumb/v7e-m+fp/hard\libc_nano.a(libc_a-memset.o)
                              C:/ST/STM32CubeIDE_1.16.0/STM32CubeIDE/plugins/com.st.stm32cube.ide.mcu.externaltools.gnu-tools-for-stm32.12.3.rel1.win32_1.0.200.202406191623/tools/bin/../lib/gcc/arm-none-eabi/12.3.1/../../../../arm-none-eabi/lib/thumb/v7e-m+fp/hard/crt0.o (memset)
C:/ST/STM32CubeIDE_1.16.0/STM32CubeIDE/plugins/com.st.stm32cube.ide.mcu.externaltools.gnu-tools-for-stm32.12.3.rel1.win32_1.0.200.202406191623/tools/bin/../lib/gcc/arm-none-eabi/12.3.1/../../../../arm-none-eabi/lib/thumb/v7e-m+fp/hard\libc_nano.a(libc_a-closer.o)
                              C:/ST/STM32CubeIDE_1.16.0/STM32CubeIDE/plugins/com.st.stm32cube.ide.mcu.externaltools.gnu-tools-for-stm32.12.3.rel1.win32_1.0.200.202406191623/tools/bin/../lib/gcc/arm-none-eabi/12.3.1/../../../../arm-none-eabi/lib/thumb/v7e-m+fp/hard\libc_nano.a(libc_a-stdio.o) (_close_r)
C:/ST/STM32CubeIDE_1.16.0/STM32CubeIDE/plugins/com.st.stm32cube.ide.mcu.externaltools.gnu-tools-for-stm32.12.3.rel1.win32_1.0.200.202406191623/tools/bin/../lib/gcc/arm-none-eabi/12.3.1/../../../../arm-none-eabi/lib/thumb/v7e-m+fp/hard\libc_nano.a(libc_a-reent.o)
                              ./Middlewares/Third_Party/FreeRTOS/Source/tasks.o (_reclaim_reent)
C:/ST/STM32CubeIDE_1.16.0/STM32CubeIDE/plugins/com.st.stm32cube.ide.mcu.externaltools.gnu-tools-for-stm32.12.3.rel1.win32_1.0.200.202406191623/tools/bin/../lib/gcc/arm-none-eabi/12.3.1/../../../../arm-none-eabi/lib/thumb/v7e-m+fp/hard\libc_nano.a(libc_a-impure.o)
                              ./Middlewares/Third_Party/FreeRTOS/Source/tasks.o (_impure_ptr)
[...]
Memory Configuration

Name             Origin             Length             Attributes
CCMRAM           0x10000000         0x00010000         xrw
RAM              0x20000000         0x00020000         xrw
FLASH            0x08000000         0x00100000         xr
*default*        0x00000000         0xffffffff

Linker script and memory map

LOAD C:/ST/STM32CubeIDE_1.16.0/STM32CubeIDE/plugins/com.st.stm32cube.ide.mcu.externaltools.gnu-tools-for-stm32.12.3.rel1.win32_1.0.200.202406191623/tools/bin/../lib/gcc/arm-none-eabi/12.3.1/thumb/v7e-m+fp/hard/crti.o
LOAD C:/ST/STM32CubeIDE_1.16.0/STM32CubeIDE/plugins/com.st.stm32cube.ide.mcu.externaltools.gnu-tools-for-stm32.12.3.rel1.win32_1.0.200.202406191623/tools/bin/../lib/gcc/arm-none-eabi/12.3.1/thumb/v7e-m+fp/hard/crtbegin.o
LOAD C:/ST/STM32CubeIDE_1.16.0/STM32CubeIDE/plugins/com.st.stm32cube.ide.mcu.externaltools.gnu-tools-for-stm32.12.3.rel1.win32_1.0.200.202406191623/tools/bin/../lib/gcc/arm-none-eabi/12.3.1/../../../../arm-none-eabi/lib/thumb/v7e-m+fp/hard/crt0.o
LOAD ./Core/Src/freertos.o
LOAD ./Core/Src/main.o
LOAD ./Core/Src/stm32f4xx_hal_msp.o
LOAD ./Core/Src/stm32f4xx_hal_timebase_tim.o
LOAD ./Core/Src/stm32f4xx_it.o
LOAD ./Core/Src/syscalls.o
LOAD ./Core/Src/sysmem.o
LOAD ./Core/Src/system_stm32f4xx.o
LOAD ./Core/Startup/startup_stm32f407vgtx.o
LOAD ./Drivers/STM32F4xx_HAL_Driver/Src/stm32f4xx_hal.o
LOAD ./Drivers/STM32F4xx_HAL_Driver/Src/stm32f4xx_hal_adc.o
LOAD ./Drivers/STM32F4xx_HAL_Driver/Src/stm32f4xx_hal_adc_ex.o
LOAD ./Drivers/STM32F4xx_HAL_Driver/Src/stm32f4xx_hal_cortex.o
LOAD ./Drivers/STM32F4xx_HAL_Driver/Src/stm32f4xx_hal_dma.o
LOAD ./Drivers/STM32F4xx_HAL_Driver/Src/stm32f4xx_hal_dma_ex.o
LOAD ./Drivers/STM32F4xx_HAL_Driver/Src/stm32f4xx_hal_exti.o
LOAD ./Drivers/STM32F4xx_HAL_Driver/Src/stm32f4xx_hal_flash.o
LOAD ./Drivers/STM32F4xx_HAL_Driver/Src/stm32f4xx_hal_flash_ex.o
LOAD ./Drivers/STM32F4xx_HAL_Driver/Src/stm32f4xx_hal_flash_ramfunc.o
LOAD ./Drivers/STM32F4xx_HAL_Driver/Src/stm32f4xx_hal_gpio.o
LOAD ./Drivers/STM32F4xx_HAL_Driver/Src/stm32f4xx_hal_pwr.o
LOAD ./Drivers/STM32F4xx_HAL_Driver/Src/stm32f4xx_hal_pwr_ex.o
LOAD ./Drivers/STM32F4xx_HAL_Driver/Src/stm32f4xx_hal_rcc.o
LOAD ./Drivers/STM32F4xx_HAL_Driver/Src/stm32f4xx_hal_rcc_ex.o
LOAD ./Drivers/STM32F4xx_HAL_Driver/Src/stm32f4xx_hal_tim.o
LOAD ./Drivers/STM32F4xx_HAL_Driver/Src/stm32f4xx_hal_tim_ex.o
LOAD ./Drivers/STM32F4xx_HAL_Driver/Src/stm32f4xx_hal_uart.o
LOAD ./Drivers/STM32F4xx_HAL_Driver/Src/stm32f4xx_ll_adc.o
LOAD ./ECUAL/LCD16X2/LCD16X2.o
LOAD ./ECUAL/LCD16X2/LCD16X2_cfg.o
LOAD ./Middlewares/Third_Party/FreeRTOS/Source/CMSIS_RTOS_V2/cmsis_os2.o
LOAD ./Middlewares/Third_Party/FreeRTOS/Source/croutine.o
LOAD ./Middlewares/Third_Party/FreeRTOS/Source/event_groups.o
LOAD ./Middlewares/Third_Party/FreeRTOS/Source/list.o
LOAD ./Middlewares/Third_Party/FreeRTOS/Source/queue.o
LOAD ./Middlewares/Third_Party/FreeRTOS/Source/stream_buffer.o
LOAD ./Middlewares/Third_Party/FreeRTOS/Source/tasks.o
LOAD ./Middlewares/Third_Party/FreeRTOS/Source/timers.o
LOAD ./Middlewares/Third_Party/FreeRTOS/Source/portable/GCC/ARM_CM4F/port.o
LOAD ./Middlewares/Third_Party/FreeRTOS/Source/portable/MemMang/heap_4.o
LOAD ./util/Util.o
START GROUP
LOAD C:/ST/STM32CubeIDE_1.16.0/STM32CubeIDE/plugins/com.st.stm32cube.ide.mcu.externaltools.gnu-tools-for-stm32.12.3.rel1.win32_1.0.200.202406191623/tools/bin/../lib/gcc/arm-none-eabi/12.3.1/../../../../arm-none-eabi/lib/thumb/v7e-m+fp/hard\libc_nano.a
LOAD C:/ST/STM32CubeIDE_1.16.0/STM32CubeIDE/plugins/com.st.stm32cube.ide.mcu.externaltools.gnu-tools-for-stm32.12.3.rel1.win32_1.0.200.202406191623/tools/bin/../lib/gcc/arm-none-eabi/12.3.1/../../../../arm-none-eabi/lib/thumb/v7e-m+fp/hard\libm.a
END GROUP
START GROUP
LOAD C:/ST/STM32CubeIDE_1.16.0/STM32CubeIDE/plugins/com.st.stm32cube.ide.mcu.externaltools.gnu-tools-for-stm32.12.3.rel1.win32_1.0.200.202406191623/tools/bin/../lib/gcc/arm-none-eabi/12.3.1/thumb/v7e-m+fp/hard\libgcc.a
LOAD C:/ST/STM32CubeIDE_1.16.0/STM32CubeIDE/plugins/com.st.stm32cube.ide.mcu.externaltools.gnu-tools-for-stm32.12.3.rel1.win32_1.0.200.202406191623/tools/bin/../lib/gcc/arm-none-eabi/12.3.1/../../../../arm-none-eabi/lib/thumb/v7e-m+fp/hard\libc_nano.a
END GROUP
START GROUP
LOAD C:/ST/STM32CubeIDE_1.16.0/STM32CubeIDE/plugins/com.st.stm32cube.ide.mcu.externaltools.gnu-tools-for-stm32.12.3.rel1.win32_1.0.200.202406191623/tools/bin/../lib/gcc/arm-none-eabi/12.3.1/thumb/v7e-m+fp/hard\libgcc.a
LOAD C:/ST/STM32CubeIDE_1.16.0/STM32CubeIDE/plugins/com.st.stm32cube.ide.mcu.externaltools.gnu-tools-for-stm32.12.3.rel1.win32_1.0.200.202406191623/tools/bin/../lib/gcc/arm-none-eabi/12.3.1/../../../../arm-none-eabi/lib/thumb/v7e-m+fp/hard\libc_nano.a
LOAD C:/ST/STM32CubeIDE_1.16.0/STM32CubeIDE/plugins/com.st.stm32cube.ide.mcu.externaltools.gnu-tools-for-stm32.12.3.rel1.win32_1.0.200.202406191623/tools/bin/../lib/gcc/arm-none-eabi/12.3.1/../../../../arm-none-eabi/lib/thumb/v7e-m+fp/hard\libnosys.a
END GROUP
START GROUP
LOAD C:/ST/STM32CubeIDE_1.16.0/STM32CubeIDE/plugins/com.st.stm32cube.ide.mcu.externaltools.gnu-tools-for-stm32.12.3.rel1.win32_1.0.200.202406191623/tools/bin/../lib/gcc/arm-none-eabi/12.3.1/thumb/v7e-m+fp/hard\libgcc.a
LOAD C:/ST/STM32CubeIDE_1.16.0/STM32CubeIDE/plugins/com.st.stm32cube.ide.mcu.externaltools.gnu-tools-for-stm32.12.3.rel1.win32_1.0.200.202406191623/tools/bin/../lib/gcc/arm-none-eabi/12.3.1/../../../../arm-none-eabi/lib/thumb/v7e-m+fp/hard\libc_nano.a
LOAD C:/ST/STM32CubeIDE_1.16.0/STM32CubeIDE/plugins/com.st.stm32cube.ide.mcu.externaltools.gnu-tools-for-stm32.12.3.rel1.win32_1.0.200.202406191623/tools/bin/../lib/gcc/arm-none-eabi/12.3.1/../../../../arm-none-eabi/lib/thumb/v7e-m+fp/hard\libnosys.a
END GROUP
LOAD C:/ST/STM32CubeIDE_1.16.0/STM32CubeIDE/plugins/com.st.stm32cube.ide.mcu.externaltools.gnu-tools-for-stm32.12.3.rel1.win32_1.0.200.202406191623/tools/bin/../lib/gcc/arm-none-eabi/12.3.1/thumb/v7e-m+fp/hard/crtend.o
LOAD C:/ST/STM32CubeIDE_1.16.0/STM32CubeIDE/plugins/com.st.stm32cube.ide.mcu.externaltools.gnu-tools-for-stm32.12.3.rel1.win32_1.0.200.202406191623/tools/bin/../lib/gcc/arm-none-eabi/12.3.1/thumb/v7e-m+fp/hard/crtn.o
                0x20020000                        _estack = (ORIGIN (RAM) + LENGTH (RAM))
                0x00000200                        _Min_Heap_Size = 0x200
                0x00000400                        _Min_Stack_Size = 0x400

.isr_vector     0x08000000      0x188
                0x08000000                        . = ALIGN (0x4)
 *(.isr_vector)
 .isr_vector    0x08000000      0x188 ./Core/Startup/startup_stm32f407vgtx.o
                0x08000000                g_pfnVectors
                0x08000188                        . = ALIGN (0x4)

.text           0x08000190     0x72c8
                0x08000190                        . = ALIGN (0x4)
 *(.text)
 .text          0x08000190       0x40 C:/ST/STM32CubeIDE_1.16.0/STM32CubeIDE/plugins/com.st.stm32cube.ide.mcu.externaltools.gnu-tools-for-stm32.12.3.rel1.win32_1.0.200.202406191623/tools/bin/../lib/gcc/arm-none-eabi/12.3.1/thumb/v7e-m+fp/hard/crtbegin.o
 .text          0x080001d0       0x10 C:/ST/STM32CubeIDE_1.16.0/STM32CubeIDE/plugins/com.st.stm32cube.ide.mcu.externaltools.gnu-tools-for-stm32.12.3.rel1.win32_1.0.200.202406191623/tools/bin/../lib/gcc/arm-none-eabi/12.3.1/../../../../arm-none-eabi/lib/thumb/v7e-m+fp/hard\libc_nano.a(libc_a-strlen.o)
                0x080001d0                strlen
 .text          0x080001e0       0x30 C:/ST/STM32CubeIDE_1.16.0/STM32CubeIDE/plugins/com.st.stm32cube.ide.mcu.externaltools.gnu-tools-for-stm32.12.3.rel1.win32_1.0.200.202406191623/tools/bin/../lib/gcc/arm-none-eabi/12.3.1/thumb/v7e-m+fp/hard\libgcc.a(_aeabi_uldivmod.o)
                0x080001e0                __aeabi_uldivmod
 .text          0x08000210      0x2bc C:/ST/STM32CubeIDE_1.16.0/STM32CubeIDE/plugins/com.st.stm32cube.ide.mcu.externaltools.gnu-tools-for-stm32.12.3.rel1.win32_1.0.200.202406191623/tools/bin/../lib/gcc/arm-none-eabi/12.3.1/thumb/v7e-m+fp/hard\libgcc.a(_udivmoddi4.o)
                0x08000210                __udivmoddi4
 .text          0x080004cc        0x4 C:/ST/STM32CubeIDE_1.16.0/STM32CubeIDE/plugins/com.st.stm32cube.ide.mcu.externaltools.gnu-tools-for-stm32.12.3.rel1.win32_1.0.200.202406191623/tools/bin/../lib/gcc/arm-none-eabi/12.3.1/thumb/v7e-m+fp/hard\libgcc.a(_dvmd_tls.o)
                0x080004cc                __aeabi_idiv0
                0x080004cc                __aeabi_ldiv0
 *(.text*)
 .text.main     0x080004d0      0x1a8 ./Core/Src/main.o
                0x080004d0                main
 .text.SystemClock_Config
                0x08000678       0xd4 ./Core/Src/main.o
                0x08000678                SystemClock_Config
 .text.MX_ADC1_Init
                0x0800074c       0xa4 ./Core/Src/main.o
 .text.MX_USART1_UART_Init
                0x080007f0       0x54 ./Core/Src/main.o
 .text.MX_DMA_Init
                0x08000844       0x40 ./Core/Src/main.o
 .text.MX_GPIO_Init
                0x08000884      0x108 ./Core/Src/main.o
 .text.get_map  0x0800098c       0x60 ./Core/Src/main.o
                0x0800098c                get_map
 .text.spark_advance_timing
                0x080009ec       0x88 ./Core/Src/main.o
                0x080009ec                spark_advance_timing
 .text.injection_timing
                0x08000a74       0x4c ./Core/Src/main.o
                0x08000a74                injection_timing
 .text.rpm_vector_map
                0x08000ac0       0xb8 ./Core/Src/main.o
                0x08000ac0                rpm_vector_map
 .text.map_vector_map
                0x08000b78       0x7c ./Core/Src/main.o
                0x08000b78                map_vector_map
 .text.StartDefaultTask
                0x08000bf4       0x10 ./Core/Src/main.o
                0x08000bf4                StartDefaultTask
 .text.get_input_function
                0x08000c04       0x1c ./Core/Src/main.o
                0x08000c04                get_input_function
 .text.calculate_efi_func
                0x08000c20       0x54 ./Core/Src/main.o
                0x08000c20                calculate_efi_func
 .text.display_data_func
                0x08000c74      0x134 ./Core/Src/main.o
                0x08000c74                display_data_func
 .text.set_output_func
                0x08000da8       0x10 ./Core/Src/main.o
                0x08000da8                set_output_func
 .text.inject1_control_function
                0x08000db8       0x44 ./Core/Src/main.o
                0x08000db8                inject1_control_function
 .text.inject2_control_function
                0x08000dfc       0x44 ./Core/Src/main.o
                0x08000dfc                inject2_control_function
 .text.inject3_control_function
                0x08000e40       0x44 ./Core/Src/main.o
                0x08000e40                inject3_control_function
 .text.inject4_control_function
                0x08000e84       0x44 ./Core/Src/main.o
                0x08000e84                inject4_control_function
 .text.spark1_control_function
                0x08000ec8       0x44 ./Core/Src/main.o
                0x08000ec8                spark1_control_function
 .text.spark2_control_function
                0x08000f0c       0x44 ./Core/Src/main.o
                0x08000f0c                spark2_control_function
 .text.spark3_control_function
                0x08000f50       0x44 ./Core/Src/main.o
                0x08000f50                spark3_control_function
 .text.spark4_control_function
                0x08000f94       0x44 ./Core/Src/main.o
                0x08000f94                spark4_control_function
 .text.HAL_TIM_PeriodElapsedCallback
                0x08000fd8       0x24 ./Core/Src/main.o
                0x08000fd8                HAL_TIM_PeriodElapsedCallback
 .text.Error_Handler
                0x08000ffc        0xc ./Core/Src/main.o
                0x08000ffc                Error_Handler
 .text.HAL_MspInit
                0x08001008       0x58 ./Core/Src/stm32f4xx_hal_msp.o
                0x08001008                HAL_MspInit
 .text.HAL_ADC_MspInit
                0x08001060       0xf0 ./Core/Src/stm32f4xx_hal_msp.o
                0x08001060                HAL_ADC_MspInit
 .text.HAL_UART_MspInit
                0x08001150       0x90 ./Core/Src/stm32f4xx_hal_msp.o
                0x08001150                HAL_UART_MspInit
 .text.HAL_InitTick
                0x080011e0       0xe8 ./Core/Src/stm32f4xx_hal_timebase_tim.o
                0x080011e0                HAL_InitTick
 .text.NMI_Handler
                0x080012c8        0x8 ./Core/Src/stm32f4xx_it.o
                0x080012c8                NMI_Handler
 .text.HardFault_Handler
                0x080012d0        0x8 ./Core/Src/stm32f4xx_it.o
                0x080012d0                HardFault_Handler
 .text.MemManage_Handler
                0x080012d8        0x8 ./Core/Src/stm32f4xx_it.o
                0x080012d8                MemManage_Handler
 .text.BusFault_Handler
                0x080012e0        0x8 ./Core/Src/stm32f4xx_it.o
                0x080012e0                BusFault_Handler
 .text.UsageFault_Handler
                0x080012e8        0x8 ./Core/Src/stm32f4xx_it.o
                0x080012e8                UsageFault_Handler
 .text.DebugMon_Handler
                0x080012f0        0xe ./Core/Src/stm32f4xx_it.o
                0x080012f0                DebugMon_Handler
 *fill*         0x080012fe        0x2 
 .text.TIM1_UP_TIM10_IRQHandler
                0x08001300       0x14 ./Core/Src/stm32f4xx_it.o
                0x08001300                TIM1_UP_TIM10_IRQHandler
 .text.DMA2_Stream0_IRQHandler
                0x08001314       0x14 ./Core/Src/stm32f4xx_it.o
                0x08001314                DMA2_Stream0_IRQHandler
 .text.SystemInit
                0x08001328       0x24 ./Core/Src/system_stm32f4xx.o
                0x08001328                SystemInit
 .text.Reset_Handler
                0x0800134c       0x50 ./Core/Startup/startup_stm32f407vgtx.o
                0x0800134c                Reset_Handler
 .text.Default_Handler
                0x0800139c        0x2 ./Core/Startup/startup_stm32f407vgtx.o
                0x0800139c                RTC_Alarm_IRQHandler
                0x0800139c                HASH_RNG_IRQHandler
                0x0800139c                EXTI2_IRQHandler
                0x0800139c                TIM8_CC_IRQHandler
                0x0800139c                TIM1_CC_IRQHandler
                0x0800139c                DMA2_Stream5_IRQHandler
                0x0800139c                DMA1_Stream5_IRQHandler
                0x0800139c                PVD_IRQHandler
                0x0800139c                SDIO_IRQHandler
                0x0800139c                TAMP_STAMP_IRQHandler
                0x0800139c                CAN2_RX1_IRQHandler
                0x0800139c                EXTI3_IRQHandler
                0x0800139c                TIM8_TRG_COM_TIM14_IRQHandler
                0x0800139c                TIM8_UP_TIM13_IRQHandler
                0x0800139c                I2C3_ER_IRQHandler
                0x0800139c                EXTI0_IRQHandler
                0x0800139c                I2C2_EV_IRQHandler
                0x0800139c                DMA1_Stream2_IRQHandler
                0x0800139c                CAN1_RX0_IRQHandler
                0x0800139c                FPU_IRQHandler
                0x0800139c                OTG_HS_WKUP_IRQHandler
                0x0800139c                CAN2_SCE_IRQHandler
                0x0800139c                DMA2_Stream2_IRQHandler
                0x0800139c                SPI1_IRQHandler
                0x0800139c                TIM6_DAC_IRQHandler
                0x0800139c                TIM1_BRK_TIM9_IRQHandler
                0x0800139c                DCMI_IRQHandler
                0x0800139c                CAN2_RX0_IRQHandler
                0x0800139c                DMA2_Stream3_IRQHandler
                0x0800139c                USART6_IRQHandler
                0x0800139c                USART3_IRQHandler
                0x0800139c                CAN1_RX1_IRQHandler
                0x0800139c                UART5_IRQHandler
                0x0800139c                TIM4_IRQHandler
                0x0800139c                I2C1_EV_IRQHandler
                0x0800139c                DMA1_Stream6_IRQHandler
                0x0800139c                DMA1_Stream1_IRQHandler
                0x0800139c                UART4_IRQHandler
                0x0800139c                TIM3_IRQHandler
                0x0800139c                RCC_IRQHandler
                0x0800139c                TIM8_BRK_TIM12_IRQHandler
                0x0800139c                Default_Handler
                0x0800139c                EXTI15_10_IRQHandler
                0x0800139c                ADC_IRQHandler
                0x0800139c                DMA1_Stream7_IRQHandler
                0x0800139c                TIM7_IRQHandler
                0x0800139c                CAN2_TX_IRQHandler
                0x0800139c                TIM5_IRQHandler
                0x0800139c                DMA2_Stream7_IRQHandler
                0x0800139c                I2C3_EV_IRQHandler
                0x0800139c                EXTI9_5_IRQHandler
                0x0800139c                RTC_WKUP_IRQHandler
                0x0800139c                ETH_WKUP_IRQHandler
                0x0800139c                SPI2_IRQHandler
                0x0800139c                OTG_HS_EP1_IN_IRQHandler
                0x0800139c                DMA1_Stream0_IRQHandler
                0x0800139c                CAN1_TX_IRQHandler
                0x0800139c                EXTI4_IRQHandler
                0x0800139c                FSMC_IRQHandler
                0x0800139c                ETH_IRQHandler
                0x0800139c                OTG_HS_EP1_OUT_IRQHandler
                0x0800139c                WWDG_IRQHandler
                0x0800139c                TIM2_IRQHandler
                0x0800139c                OTG_FS_WKUP_IRQHandler
                0x0800139c                TIM1_TRG_COM_TIM11_IRQHandler
                0x0800139c                OTG_HS_IRQHandler
                0x0800139c                EXTI1_IRQHandler
                0x0800139c                USART2_IRQHandler
                0x0800139c                I2C2_ER_IRQHandler
                0x0800139c                DMA2_Stream1_IRQHandler
                0x0800139c                CAN1_SCE_IRQHandler
                0x0800139c                FLASH_IRQHandler
                0x0800139c                DMA2_Stream4_IRQHandler
                0x0800139c                USART1_IRQHandler
                0x0800139c                OTG_FS_IRQHandler
                0x0800139c                SPI3_IRQHandler
                0x0800139c                DMA1_Stream4_IRQHandler
                0x0800139c                I2C1_ER_IRQHandler
                0x0800139c                DMA2_Stream6_IRQHandler
                0x0800139c                DMA1_Stream3_IRQHandler
 *fill*         0x0800139e        0x2 
 .text.HAL_Init
                0x080013a0       0x44 ./Drivers/STM32F4xx_HAL_Driver/Src/stm32f4xx_hal.o
                0x080013a0                HAL_Init
 .text.HAL_IncTick
                0x080013e4       0x28 ./Drivers/STM32F4xx_HAL_Driver/Src/stm32f4xx_hal.o
                0x080013e4                HAL_IncTick
 .text.HAL_GetTick
                0x0800140c       0x18 ./Drivers/STM32F4xx_HAL_Driver/Src/stm32f4xx_hal.o
                0x0800140c                HAL_GetTick
 .text.HAL_ADC_Init
                0x08001424       0x86 ./Drivers/STM32F4xx_HAL_Driver/Src/stm32f4xx_hal_adc.o
                0x08001424                HAL_ADC_Init
 *fill*         0x080014aa        0x2 
 .text.HAL_ADC_Start_DMA
                0x080014ac      0x220 ./Drivers/STM32F4xx_HAL_Driver/Src/stm32f4xx_hal_adc.o
                0x080014ac                HAL_ADC_Start_DMA
 .text.HAL_ADC_ConvCpltCallback
                0x080016cc       0x14 ./Drivers/STM32F4xx_HAL_Driver/Src/stm32f4xx_hal_adc.o
                0x080016cc                HAL_ADC_ConvCpltCallback
 .text.HAL_ADC_ConvHalfCpltCallback
                0x080016e0       0x14 ./Drivers/STM32F4xx_HAL_Driver/Src/stm32f4xx_hal_adc.o
                0x080016e0                HAL_ADC_ConvHalfCpltCallback
 .text.HAL_ADC_ErrorCallback
                0x080016f4       0x14 ./Drivers/STM32F4xx_HAL_Driver/Src/stm32f4xx_hal_adc.o
                0x080016f4                HAL_ADC_ErrorCallback
 .text.HAL_ADC_ConfigChannel
                0x08001708      0x244 ./Drivers/STM32F4xx_HAL_Driver/Src/stm32f4xx_hal_adc.o
                0x08001708                HAL_ADC_ConfigChannel
 .text.ADC_Init
                0x0800194c      0x1f8 ./Drivers/STM32F4xx_HAL_Driver/Src/stm32f4xx_hal_adc.o
 .text.ADC_DMAConvCplt
                0x08001b44       0xba ./Drivers/STM32F4xx_HAL_Driver/Src/stm32f4xx_hal_adc.o
 .text.ADC_DMAHalfConvCplt
                0x08001bfe       0x1c ./Drivers/STM32F4xx_HAL_Driver/Src/stm32f4xx_hal_adc.o
 .text.ADC_DMAError
                0x08001c1a       0x2e ./Drivers/STM32F4xx_HAL_Driver/Src/stm32f4xx_hal_adc.o
 .text.__NVIC_SetPriorityGrouping
                0x08001c48       0x48 ./Drivers/STM32F4xx_HAL_Driver/Src/stm32f4xx_hal_cortex.o
 .text.__NVIC_GetPriorityGrouping
                0x08001c90       0x1c ./Drivers/STM32F4xx_HAL_Driver/Src/stm32f4xx_hal_cortex.o
 .text.__NVIC_EnableIRQ
                0x08001cac       0x3c ./Drivers/STM32F4xx_HAL_Driver/Src/stm32f4xx_hal_cortex.o
 .text.__NVIC_SetPriority
                0x08001ce8       0x54 ./Drivers/STM32F4xx_HAL_Driver/Src/stm32f4xx_hal_cortex.o
 .text.NVIC_EncodePriority
                0x08001d3c       0x66 ./Drivers/STM32F4xx_HAL_Driver/Src/stm32f4xx_hal_cortex.o
 .text.HAL_NVIC_SetPriorityGrouping
                0x08001da2       0x16 ./Drivers/STM32F4xx_HAL_Driver/Src/stm32f4xx_hal_cortex.o
                0x08001da2                HAL_NVIC_SetPriorityGrouping
 .text.HAL_NVIC_SetPriority
                0x08001db8       0x38 ./Drivers/STM32F4xx_HAL_Driver/Src/stm32f4xx_hal_cortex.o
                0x08001db8                HAL_NVIC_SetPriority
 .text.HAL_NVIC_EnableIRQ
                0x08001df0       0x1c ./Drivers/STM32F4xx_HAL_Driver/Src/stm32f4xx_hal_cortex.o
                0x08001df0                HAL_NVIC_EnableIRQ
 .text.HAL_DMA_Init
                0x08001e0c      0x15c ./Drivers/STM32F4xx_HAL_Driver/Src/stm32f4xx_hal_dma.o
                0x08001e0c                HAL_DMA_Init
 .text.HAL_DMA_Start_IT
                0x08001f68       0xb0 ./Drivers/STM32F4xx_HAL_Driver/Src/stm32f4xx_hal_dma.o
                0x08001f68                HAL_DMA_Start_IT
 .text.HAL_DMA_IRQHandler
                0x08002018      0x314 ./Drivers/STM32F4xx_HAL_Driver/Src/stm32f4xx_hal_dma.o
                0x08002018                HAL_DMA_IRQHandler
 .text.DMA_SetConfig
                0x0800232c       0x5c ./Drivers/STM32F4xx_HAL_Driver/Src/stm32f4xx_hal_dma.o
 .text.DMA_CalcBaseAndBitshift
                0x08002388       0x6c ./Drivers/STM32F4xx_HAL_Driver/Src/stm32f4xx_hal_dma.o
 .text.DMA_CheckFifoParam
                0x080023f4       0xf8 ./Drivers/STM32F4xx_HAL_Driver/Src/stm32f4xx_hal_dma.o
 .text.HAL_GPIO_Init
                0x080024ec      0x338 ./Drivers/STM32F4xx_HAL_Driver/Src/stm32f4xx_hal_gpio.o
                0x080024ec                HAL_GPIO_Init
 .text.HAL_GPIO_ReadPin
                0x08002824       0x30 ./Drivers/STM32F4xx_HAL_Driver/Src/stm32f4xx_hal_gpio.o
                0x08002824                HAL_GPIO_ReadPin
 .text.HAL_GPIO_WritePin
                0x08002854       0x32 ./Drivers/STM32F4xx_HAL_Driver/Src/stm32f4xx_hal_gpio.o
                0x08002854                HAL_GPIO_WritePin
 .text.HAL_GPIO_TogglePin
                0x08002886       0x34 ./Drivers/STM32F4xx_HAL_Driver/Src/stm32f4xx_hal_gpio.o
                0x08002886                HAL_GPIO_TogglePin
 *fill*         0x080028ba        0x2 
 .text.HAL_RCC_OscConfig
                0x080028bc      0x4f0 ./Drivers/STM32F4xx_HAL_Driver/Src/stm32f4xx_hal_rcc.o
                0x080028bc                HAL_RCC_OscConfig
 .text.HAL_RCC_ClockConfig
                0x08002dac      0x1cc ./Drivers/STM32F4xx_HAL_Driver/Src/stm32f4xx_hal_rcc.o
                0x08002dac                HAL_RCC_ClockConfig
 .text.HAL_RCC_GetSysClockFreq
                0x08002f78      0x18c ./Drivers/STM32F4xx_HAL_Driver/Src/stm32f4xx_hal_rcc.o
                0x08002f78                HAL_RCC_GetSysClockFreq
 .text.HAL_RCC_GetHCLKFreq
                0x08003104       0x18 ./Drivers/STM32F4xx_HAL_Driver/Src/stm32f4xx_hal_rcc.o
                0x08003104                HAL_RCC_GetHCLKFreq
 .text.HAL_RCC_GetPCLK1Freq
                0x0800311c       0x28 ./Drivers/STM32F4xx_HAL_Driver/Src/stm32f4xx_hal_rcc.o
                0x0800311c                HAL_RCC_GetPCLK1Freq
 .text.HAL_RCC_GetPCLK2Freq
                0x08003144       0x28 ./Drivers/STM32F4xx_HAL_Driver/Src/stm32f4xx_hal_rcc.o
                0x08003144                HAL_RCC_GetPCLK2Freq
 .text.HAL_RCC_GetClockConfig
                0x0800316c       0x64 ./Drivers/STM32F4xx_HAL_Driver/Src/stm32f4xx_hal_rcc.o
                0x0800316c                HAL_RCC_GetClockConfig
 .text.HAL_TIM_Base_Init
                0x080031d0       0x9e ./Drivers/STM32F4xx_HAL_Driver/Src/stm32f4xx_hal_tim.o
                0x080031d0                HAL_TIM_Base_Init
 .text.HAL_TIM_Base_MspInit
                0x0800326e       0x14 ./Drivers/STM32F4xx_HAL_Driver/Src/stm32f4xx_hal_tim.o
                0x0800326e                HAL_TIM_Base_MspInit
 *fill*         0x08003282        0x2 
 .text.HAL_TIM_Base_Start_IT
                0x08003284       0xe0 ./Drivers/STM32F4xx_HAL_Driver/Src/stm32f4xx_hal_tim.o
                0x08003284                HAL_TIM_Base_Start_IT
 .text.HAL_TIM_IRQHandler
                0x08003364      0x1e0 ./Drivers/STM32F4xx_HAL_Driver/Src/stm32f4xx_hal_tim.o
                0x08003364                HAL_TIM_IRQHandler
 .text.HAL_TIM_OC_DelayElapsedCallback
                0x08003544       0x14 ./Drivers/STM32F4xx_HAL_Driver/Src/stm32f4xx_hal_tim.o
                0x08003544                HAL_TIM_OC_DelayElapsedCallback
 .text.HAL_TIM_IC_CaptureCallback
                0x08003558       0x14 ./Drivers/STM32F4xx_HAL_Driver/Src/stm32f4xx_hal_tim.o
                0x08003558                HAL_TIM_IC_CaptureCallback
 .text.HAL_TIM_PWM_PulseFinishedCallback
                0x0800356c       0x14 ./Drivers/STM32F4xx_HAL_Driver/Src/stm32f4xx_hal_tim.o
                0x0800356c                HAL_TIM_PWM_PulseFinishedCallback
 .text.HAL_TIM_TriggerCallback
                0x08003580       0x14 ./Drivers/STM32F4xx_HAL_Driver/Src/stm32f4xx_hal_tim.o
                0x08003580                HAL_TIM_TriggerCallback
 .text.TIM_Base_SetConfig
                0x08003594      0x158 ./Drivers/STM32F4xx_HAL_Driver/Src/stm32f4xx_hal_tim.o
                0x08003594                TIM_Base_SetConfig
 .text.HAL_TIMEx_CommutCallback
                0x080036ec       0x14 ./Drivers/STM32F4xx_HAL_Driver/Src/stm32f4xx_hal_tim_ex.o
                0x080036ec                HAL_TIMEx_CommutCallback
 .text.HAL_TIMEx_BreakCallback
                0x08003700       0x14 ./Drivers/STM32F4xx_HAL_Driver/Src/stm32f4xx_hal_tim_ex.o
                0x08003700                HAL_TIMEx_BreakCallback
 .text.HAL_UART_Init
                0x08003714       0xa0 ./Drivers/STM32F4xx_HAL_Driver/Src/stm32f4xx_hal_uart.o
                0x08003714                HAL_UART_Init
 .text.UART_SetConfig
                0x080037b4      0x4e8 ./Drivers/STM32F4xx_HAL_Driver/Src/stm32f4xx_hal_uart.o
 .text.LCD16X2_DATA
                0x08003c9c      0x18c ./ECUAL/LCD16X2/LCD16X2.o
                0x08003c9c                LCD16X2_DATA
 .text.LCD16X2_CMD
                0x08003e28      0x180 ./ECUAL/LCD16X2/LCD16X2.o
                0x08003e28                LCD16X2_CMD
 .text.LCD16X2_Clear
                0x08003fa8       0x80 ./ECUAL/LCD16X2/LCD16X2.o
                0x08003fa8                LCD16X2_Clear
 .text.LCD16X2_Set_Cursor
                0x08004028       0x7e ./ECUAL/LCD16X2/LCD16X2.o
                0x08004028                LCD16X2_Set_Cursor
 *fill*         0x080040a6        0x2 
 .text.LCD16X2_Init
                0x080040a8      0x21c ./ECUAL/LCD16X2/LCD16X2.o
                0x080040a8                LCD16X2_Init
 .text.LCD16X2_Write_Char
                0x080042c4      0x2c8 ./ECUAL/LCD16X2/LCD16X2.o
                0x080042c4                LCD16X2_Write_Char
 .text.LCD16X2_Write_String
                0x0800458c       0x40 ./ECUAL/LCD16X2/LCD16X2.o
                0x0800458c                LCD16X2_Write_String
 .text.__NVIC_SetPriority
                0x080045cc       0x54 ./Middlewares/Third_Party/FreeRTOS/Source/CMSIS_RTOS_V2/cmsis_os2.o
 .text.SysTick_Handler
                0x08004620       0x20 ./Middlewares/Third_Party/FreeRTOS/Source/CMSIS_RTOS_V2/cmsis_os2.o
                0x08004620                SysTick_Handler
 .text.SVC_Setup
                0x08004640       0x12 ./Middlewares/Third_Party/FreeRTOS/Source/CMSIS_RTOS_V2/cmsis_os2.o
 *fill*         0x08004652        0x2 
 .text.osKernelInitialize
                0x08004654       0x48 ./Middlewares/Third_Party/FreeRTOS/Source/CMSIS_RTOS_V2/cmsis_os2.o
                0x08004654                osKernelInitialize
 .text.osKernelStart
                0x0800469c       0x4c ./Middlewares/Third_Party/FreeRTOS/Source/CMSIS_RTOS_V2/cmsis_os2.o
                0x0800469c                osKernelStart
 .text.osThreadNew
                0x080046e8      0x124 ./Middlewares/Third_Party/FreeRTOS/Source/CMSIS_RTOS_V2/cmsis_os2.o
                0x080046e8                osThreadNew
 .text.osDelay  0x0800480c       0x36 ./Middlewares/Third_Party/FreeRTOS/Source/CMSIS_RTOS_V2/cmsis_os2.o
                0x0800480c                osDelay
 *fill*         0x08004842        0x2 
 .text.vApplicationGetIdleTaskMemory
                0x08004844       0x34 ./Middlewares/Third_Party/FreeRTOS/Source/CMSIS_RTOS_V2/cmsis_os2.o
                0x08004844                vApplicationGetIdleTaskMemory
 .text.vApplicationGetTimerTaskMemory
                0x08004878       0x34 ./Middlewares/Third_Party/FreeRTOS/Source/CMSIS_RTOS_V2/cmsis_os2.o
                0x08004878                vApplicationGetTimerTaskMemory
 .text.vListInitialise
                0x080048ac       0x40 ./Middlewares/Third_Party/FreeRTOS/Source/list.o
                0x080048ac                vListInitialise
 .text.vListInitialiseItem
                0x080048ec       0x1a ./Middlewares/Third_Party/FreeRTOS/Source/list.o
                0x080048ec                vListInitialiseItem
 .text.vListInsertEnd
                0x08004906       0x48 ./Middlewares/Third_Party/FreeRTOS/Source/list.o
                0x08004906                vListInsertEnd
 .text.vListInsert
                0x0800494e       0x72 ./Middlewares/Third_Party/FreeRTOS/Source/list.o
                0x0800494e                vListInsert
 .text.uxListRemove
                0x080049c0       0x54 ./Middlewares/Third_Party/FreeRTOS/Source/list.o
                0x080049c0                uxListRemove
 .text.xQueueGenericReset
                0x08004a14       0xd4 ./Middlewares/Third_Party/FreeRTOS/Source/queue.o
                0x08004a14                xQueueGenericReset
 .text.xQueueGenericCreateStatic
                0x08004ae8       0xfa ./Middlewares/Third_Party/FreeRTOS/Source/queue.o
                0x08004ae8                xQueueGenericCreateStatic
 .text.prvInitialiseNewQueue
                0x08004be2       0x46 ./Middlewares/Third_Party/FreeRTOS/Source/queue.o
 .text.xQueueGenericSend
                0x08004c28      0x204 ./Middlewares/Third_Party/FreeRTOS/Source/queue.o
                0x08004c28                xQueueGenericSend
 .text.xQueueGenericSendFromISR
                0x08004e2c      0x13c ./Middlewares/Third_Party/FreeRTOS/Source/queue.o
                0x08004e2c                xQueueGenericSendFromISR
 .text.xQueueReceive
                0x08004f68      0x1c4 ./Middlewares/Third_Party/FreeRTOS/Source/queue.o
                0x08004f68                xQueueReceive
 .text.prvCopyDataToQueue
                0x0800512c       0xd4 ./Middlewares/Third_Party/FreeRTOS/Source/queue.o
 .text.prvCopyDataFromQueue
                0x08005200       0x4c ./Middlewares/Third_Party/FreeRTOS/Source/queue.o
 .text.prvUnlockQueue
                0x0800524c       0xa4 ./Middlewares/Third_Party/FreeRTOS/Source/queue.o
 .text.prvIsQueueEmpty
                0x080052f0       0x2c ./Middlewares/Third_Party/FreeRTOS/Source/queue.o
 .text.prvIsQueueFull
                0x0800531c       0x30 ./Middlewares/Third_Party/FreeRTOS/Source/queue.o
 .text.vQueueAddToRegistry
                0x0800534c       0x54 ./Middlewares/Third_Party/FreeRTOS/Source/queue.o
                0x0800534c                vQueueAddToRegistry
 .text.vQueueWaitForMessageRestricted
                0x080053a0       0x68 ./Middlewares/Third_Party/FreeRTOS/Source/queue.o
                0x080053a0                vQueueWaitForMessageRestricted
 .text.xTaskCreateStatic
                0x08005408       0xc0 ./Middlewares/Third_Party/FreeRTOS/Source/tasks.o
                0x08005408                xTaskCreateStatic
 .text.xTaskCreate
                0x080054c8       0x8a ./Middlewares/Third_Party/FreeRTOS/Source/tasks.o
                0x080054c8                xTaskCreate
 *fill*         0x08005552        0x2 
 .text.prvInitialiseNewTask
                0x08005554      0x150 ./Middlewares/Third_Party/FreeRTOS/Source/tasks.o
 .text.prvAddNewTaskToReadyList
                0x080056a4       0xe0 ./Middlewares/Third_Party/FreeRTOS/Source/tasks.o
 .text.vTaskDelay
                0x08005784       0x6c ./Middlewares/Third_Party/FreeRTOS/Source/tasks.o
                0x08005784                vTaskDelay
 .text.vTaskStartScheduler
                0x080057f0       0xe0 ./Middlewares/Third_Party/FreeRTOS/Source/tasks.o
                0x080057f0                vTaskStartScheduler
 .text.vTaskSuspendAll
                0x080058d0       0x1c ./Middlewares/Third_Party/FreeRTOS/Source/tasks.o
                0x080058d0                vTaskSuspendAll
 .text.xTaskResumeAll
                0x080058ec      0x13c ./Middlewares/Third_Party/FreeRTOS/Source/tasks.o
                0x080058ec                xTaskResumeAll
 .text.xTaskGetTickCount
                0x08005a28       0x20 ./Middlewares/Third_Party/FreeRTOS/Source/tasks.o
                0x08005a28                xTaskGetTickCount
 .text.xTaskIncrementTick
                0x08005a48      0x174 ./Middlewares/Third_Party/FreeRTOS/Source/tasks.o
                0x08005a48                xTaskIncrementTick
 .text.vTaskSwitchContext
                0x08005bbc       0xcc ./Middlewares/Third_Party/FreeRTOS/Source/tasks.o
                0x08005bbc                vTaskSwitchContext
 .text.vTaskPlaceOnEventList
                0x08005c88       0x4c ./Middlewares/Third_Party/FreeRTOS/Source/tasks.o
                0x08005c88                vTaskPlaceOnEventList
 .text.vTaskPlaceOnEventListRestricted
                0x08005cd4       0x58 ./Middlewares/Third_Party/FreeRTOS/Source/tasks.o
                0x08005cd4                vTaskPlaceOnEventListRestricted
 .text.xTaskRemoveFromEventList
                0x08005d2c       0xc8 ./Middlewares/Third_Party/FreeRTOS/Source/tasks.o
                0x08005d2c                xTaskRemoveFromEventList
 .text.vTaskInternalSetTimeOutState
                0x08005df4       0x2c ./Middlewares/Third_Party/FreeRTOS/Source/tasks.o
                0x08005df4                vTaskInternalSetTimeOutState
 .text.xTaskCheckForTimeOut
                0x08005e20       0xc8 ./Middlewares/Third_Party/FreeRTOS/Source/tasks.o
                0x08005e20                xTaskCheckForTimeOut
 .text.vTaskMissedYield
                0x08005ee8       0x18 ./Middlewares/Third_Party/FreeRTOS/Source/tasks.o
                0x08005ee8                vTaskMissedYield
 .text.prvIdleTask
                0x08005f00       0x30 ./Middlewares/Third_Party/FreeRTOS/Source/tasks.o
 .text.prvInitialiseTaskLists
                0x08005f30       0x80 ./Middlewares/Third_Party/FreeRTOS/Source/tasks.o
 .text.prvCheckTasksWaitingTermination
                0x08005fb0       0x5c ./Middlewares/Third_Party/FreeRTOS/Source/tasks.o
 .text.prvDeleteTCB
                0x0800600c       0x6a ./Middlewares/Third_Party/FreeRTOS/Source/tasks.o
 *fill*         0x08006076        0x2 
 .text.prvResetNextTaskUnblockTime
                0x08006078       0x40 ./Middlewares/Third_Party/FreeRTOS/Source/tasks.o
 .text.xTaskGetSchedulerState
                0x080060b8       0x3c ./Middlewares/Third_Party/FreeRTOS/Source/tasks.o
                0x080060b8                xTaskGetSchedulerState
 .text.xTaskPriorityDisinherit
                0x080060f4       0xe0 ./Middlewares/Third_Party/FreeRTOS/Source/tasks.o
                0x080060f4                xTaskPriorityDisinherit
 .text.prvAddCurrentTaskToDelayedList
                0x080061d4       0xa8 ./Middlewares/Third_Party/FreeRTOS/Source/tasks.o
 .text.xTimerCreateTimerTask
                0x0800627c       0x94 ./Middlewares/Third_Party/FreeRTOS/Source/timers.o
                0x0800627c                xTimerCreateTimerTask
 .text.xTimerGenericCommand
                0x08006310       0x9c ./Middlewares/Third_Party/FreeRTOS/Source/timers.o
                0x08006310                xTimerGenericCommand
 .text.prvProcessExpiredTimer
                0x080063ac       0x9c ./Middlewares/Third_Party/FreeRTOS/Source/timers.o
 .text.prvTimerTask
                0x08006448       0x26 ./Middlewares/Third_Party/FreeRTOS/Source/timers.o
 *fill*         0x0800646e        0x2 
 .text.prvProcessTimerOrBlockTask
                0x08006470       0x9c ./Middlewares/Third_Party/FreeRTOS/Source/timers.o
 .text.prvGetNextExpireTime
                0x0800650c       0x48 ./Middlewares/Third_Party/FreeRTOS/Source/timers.o
 .text.prvSampleTimeNow
                0x08006554       0x40 ./Middlewares/Third_Party/FreeRTOS/Source/timers.o
 .text.prvInsertTimerInActiveList
                0x08006594       0x84 ./Middlewares/Third_Party/FreeRTOS/Source/timers.o
 .text.prvProcessReceivedCommands
                0x08006618      0x1cc ./Middlewares/Third_Party/FreeRTOS/Source/timers.o
 .text.prvSwitchTimerLists
                0x080067e4       0xcc ./Middlewares/Third_Party/FreeRTOS/Source/timers.o
 .text.prvCheckForValidListAndQueue
                0x080068b0       0x80 ./Middlewares/Third_Party/FreeRTOS/Source/timers.o
 .text.pxPortInitialiseStack
                0x08006930       0x68 ./Middlewares/Third_Party/FreeRTOS/Source/portable/GCC/ARM_CM4F/port.o
                0x08006930                pxPortInitialiseStack
 .text.prvTaskExitError
                0x08006998       0x5c ./Middlewares/Third_Party/FreeRTOS/Source/portable/GCC/ARM_CM4F/port.o
 *fill*         0x080069f4        0xc 
 .text.SVC_Handler
                0x08006a00       0x28 ./Middlewares/Third_Party/FreeRTOS/Source/portable/GCC/ARM_CM4F/port.o
                0x08006a00                SVC_Handler
 .text.prvPortStartFirstTask
                0x08006a28       0x28 ./Middlewares/Third_Party/FreeRTOS/Source/portable/GCC/ARM_CM4F/port.o
 .text.xPortStartScheduler
                0x08006a50      0x148 ./Middlewares/Third_Party/FreeRTOS/Source/portable/GCC/ARM_CM4F/port.o
                0x08006a50                xPortStartScheduler
 .text.vPortEnterCritical
                0x08006b98       0x64 ./Middlewares/Third_Party/FreeRTOS/Source/portable/GCC/ARM_CM4F/port.o
                0x08006b98                vPortEnterCritical
 .text.vPortExitCritical
                0x08006bfc       0x54 ./Middlewares/Third_Party/FreeRTOS/Source/portable/GCC/ARM_CM4F/port.o
                0x08006bfc                vPortExitCritical
 .text.PendSV_Handler
                0x08006c50       0x68 ./Middlewares/Third_Party/FreeRTOS/Source/portable/GCC/ARM_CM4F/port.o
                0x08006c50                PendSV_Handler
 .text.xPortSysTickHandler
                0x08006cb8       0x44 ./Middlewares/Third_Party/FreeRTOS/Source/portable/GCC/ARM_CM4F/port.o
                0x08006cb8                xPortSysTickHandler
 .text.vPortSetupTimerInterrupt
                0x08006cfc       0x48 ./Middlewares/Third_Party/FreeRTOS/Source/portable/GCC/ARM_CM4F/port.o
                0x08006cfc                vPortSetupTimerInterrupt
 .text.vPortEnableVFP
                0x08006d44       0x14 ./Middlewares/Third_Party/FreeRTOS/Source/portable/GCC/ARM_CM4F/port.o
 .text.vPortValidateInterruptPriority
                0x08006d58       0x84 ./Middlewares/Third_Party/FreeRTOS/Source/portable/GCC/ARM_CM4F/port.o
                0x08006d58                vPortValidateInterruptPriority
 .text.pvPortMalloc
                0x08006ddc      0x19c ./Middlewares/Third_Party/FreeRTOS/Source/portable/MemMang/heap_4.o
                0x08006ddc                pvPortMalloc
 .text.vPortFree
                0x08006f78       0xc8 ./Middlewares/Third_Party/FreeRTOS/Source/portable/MemMang/heap_4.o
                0x08006f78                vPortFree
 .text.prvHeapInit
                0x08007040       0xc4 ./Middlewares/Third_Party/FreeRTOS/Source/portable/MemMang/heap_4.o
 .text.prvInsertBlockIntoFreeList
                0x08007104       0xb4 ./Middlewares/Third_Party/FreeRTOS/Source/portable/MemMang/heap_4.o
 .text.__itoa   0x080071b8       0x30 C:/ST/STM32CubeIDE_1.16.0/STM32CubeIDE/plugins/com.st.stm32cube.ide.mcu.externaltools.gnu-tools-for-stm32.12.3.rel1.win32_1.0.200.202406191623/tools/bin/../lib/gcc/arm-none-eabi/12.3.1/../../../../arm-none-eabi/lib/thumb/v7e-m+fp/hard\libc_nano.a(libc_a-itoa.o)
                0x080071b8                __itoa
 .text.itoa     0x080071e8        0x4 C:/ST/STM32CubeIDE_1.16.0/STM32CubeIDE/plugins/com.st.stm32cube.ide.mcu.externaltools.gnu-tools-for-stm32.12.3.rel1.win32_1.0.200.202406191623/tools/bin/../lib/gcc/arm-none-eabi/12.3.1/../../../../arm-none-eabi/lib/thumb/v7e-m+fp/hard\libc_nano.a(libc_a-itoa.o)
                0x080071e8                itoa
 .text.__utoa   0x080071ec       0x84 C:/ST/STM32CubeIDE_1.16.0/STM32CubeIDE/plugins/com.st.stm32cube.ide.mcu.externaltools.gnu-tools-for-stm32.12.3.rel1.win32_1.0.200.202406191623/tools/bin/../lib/gcc/arm-none-eabi/12.3.1/../../../../arm-none-eabi/lib/thumb/v7e-m+fp/hard\libc_nano.a(libc_a-utoa.o)
                0x080071ec                __utoa
 .text.memset   0x08007270       0x10 C:/ST/STM32CubeIDE_1.16.0/STM32CubeIDE/plugins/com.st.stm32cube.ide.mcu.externaltools.gnu-tools-for-stm32.12.3.rel1.win32_1.0.200.202406191623/tools/bin/../lib/gcc/arm-none-eabi/12.3.1/../../../../arm-none-eabi/lib/thumb/v7e-m+fp/hard\libc_nano.a(libc_a-memset.o)
                0x08007270                memset
 .text._reclaim_reent
                0x08007280       0xac C:/ST/STM32CubeIDE_1.16.0/STM32CubeIDE/plugins/com.st.stm32cube.ide.mcu.externaltools.gnu-tools-for-stm32.12.3.rel1.win32_1.0.200.202406191623/tools/bin/../lib/gcc/arm-none-eabi/12.3.1/../../../../arm-none-eabi/lib/thumb/v7e-m+fp/hard\libc_nano.a(libc_a-reent.o)
                0x08007280                _reclaim_reent
 .text.__libc_init_array
                0x0800732c       0x48 C:/ST/STM32CubeIDE_1.16.0/STM32CubeIDE/plugins/com.st.stm32cube.ide.mcu.externaltools.gnu-tools-for-stm32.12.3.rel1.win32_1.0.200.202406191623/tools/bin/../lib/gcc/arm-none-eabi/12.3.1/../../../../arm-none-eabi/lib/thumb/v7e-m+fp/hard\libc_nano.a(libc_a-init.o)
                0x0800732c                __libc_init_array
 .text.__retarget_lock_acquire_recursive
                0x08007374        0x2 C:/ST/STM32CubeIDE_1.16.0/STM32CubeIDE/plugins/com.st.stm32cube.ide.mcu.externaltools.gnu-tools-for-stm32.12.3.rel1.win32_1.0.200.202406191623/tools/bin/../lib/gcc/arm-none-eabi/12.3.1/../../../../arm-none-eabi/lib/thumb/v7e-m+fp/hard\libc_nano.a(libc_a-lock.o)
                0x08007374                __retarget_lock_acquire_recursive
 .text.__retarget_lock_release_recursive
                0x08007376        0x2 C:/ST/STM32CubeIDE_1.16.0/STM32CubeIDE/plugins/com.st.stm32cube.ide.mcu.externaltools.gnu-tools-for-stm32.12.3.rel1.win32_1.0.200.202406191623/tools/bin/../lib/gcc/arm-none-eabi/12.3.1/../../../../arm-none-eabi/lib/thumb/v7e-m+fp/hard\libc_nano.a(libc_a-lock.o)
                0x08007376                __retarget_lock_release_recursive
 .text.memcpy   0x08007378       0x1c C:/ST/STM32CubeIDE_1.16.0/STM32CubeIDE/plugins/com.st.stm32cube.ide.mcu.externaltools.gnu-tools-for-stm32.12.3.rel1.win32_1.0.200.202406191623/tools/bin/../lib/gcc/arm-none-eabi/12.3.1/../../../../arm-none-eabi/lib/thumb/v7e-m+fp/hard\libc_nano.a(libc_a-memcpy-stub.o)
                0x08007378                memcpy
 .text._free_r  0x08007394       0x94 C:/ST/STM32CubeIDE_1.16.0/STM32CubeIDE/plugins/com.st.stm32cube.ide.mcu.externaltools.gnu-tools-for-stm32.12.3.rel1.win32_1.0.200.202406191623/tools/bin/../lib/gcc/arm-none-eabi/12.3.1/../../../../arm-none-eabi/lib/thumb/v7e-m+fp/hard\libc_nano.a(libc_a-freer.o)
                0x08007394                _free_r
 .text.__malloc_lock
                0x08007428        0xc C:/ST/STM32CubeIDE_1.16.0/STM32CubeIDE/plugins/com.st.stm32cube.ide.mcu.externaltools.gnu-tools-for-stm32.12.3.rel1.win32_1.0.200.202406191623/tools/bin/../lib/gcc/arm-none-eabi/12.3.1/../../../../arm-none-eabi/lib/thumb/v7e-m+fp/hard\libc_nano.a(libc_a-mlock.o)
                0x08007428                __malloc_lock
 .text.__malloc_unlock
                0x08007434        0xc C:/ST/STM32CubeIDE_1.16.0/STM32CubeIDE/plugins/com.st.stm32cube.ide.mcu.externaltools.gnu-tools-for-stm32.12.3.rel1.win32_1.0.200.202406191623/tools/bin/../lib/gcc/arm-none-eabi/12.3.1/../../../../arm-none-eabi/lib/thumb/v7e-m+fp/hard\libc_nano.a(libc_a-mlock.o)
                0x08007434                __malloc_unlock
 *(.glue_7)
 .glue_7        0x08007440        0x0 linker stubs
 *(.glue_7t)
 .glue_7t       0x08007440        0x0 linker stubs
 *(.eh_frame)
 .eh_frame      0x08007440        0x0 C:/ST/STM32CubeIDE_1.16.0/STM32CubeIDE/plugins/com.st.stm32cube.ide.mcu.externaltools.gnu-tools-for-stm32.12.3.rel1.win32_1.0.200.202406191623/tools/bin/../lib/gcc/arm-none-eabi/12.3.1/thumb/v7e-m+fp/hard/crtbegin.o
 *(.init)
 .init          0x08007440        0x4 C:/ST/STM32CubeIDE_1.16.0/STM32CubeIDE/plugins/com.st.stm32cube.ide.mcu.externaltools.gnu-tools-for-stm32.12.3.rel1.win32_1.0.200.202406191623/tools/bin/../lib/gcc/arm-none-eabi/12.3.1/thumb/v7e-m+fp/hard/crti.o
                0x08007440                _init
 .init          0x08007444        0x8 C:/ST/STM32CubeIDE_1.16.0/STM32CubeIDE/plugins/com.st.stm32cube.ide.mcu.externaltools.gnu-tools-for-stm32.12.3.rel1.win32_1.0.200.202406191623/tools/bin/../lib/gcc/arm-none-eabi/12.3.1/thumb/v7e-m+fp/hard/crtn.o
 *(.fini)
 .fini          0x0800744c        0x4 C:/ST/STM32CubeIDE_1.16.0/STM32CubeIDE/plugins/com.st.stm32cube.ide.mcu.externaltools.gnu-tools-for-stm32.12.3.rel1.win32_1.0.200.202406191623/tools/bin/../lib/gcc/arm-none-eabi/12.3.1/thumb/v7e-m+fp/hard/crti.o
                0x0800744c                _fini
 .fini          0x08007450        0x8 C:/ST/STM32CubeIDE_1.16.0/STM32CubeIDE/plugins/com.st.stm32cube.ide.mcu.externaltools.gnu-tools-for-stm32.12.3.rel1.win32_1.0.200.202406191623/tools/bin/../lib/gcc/arm-none-eabi/12.3.1/thumb/v7e-m+fp/hard/crtn.o
                0x08007458                        . = ALIGN (0x4)
                0x08007458                        _etext = .

.vfp11_veneer   0x08007458        0x0
 .vfp11_veneer  0x08007458        0x0 linker stubs

.v4_bx          0x08007458        0x0
 .v4_bx         0x08007458        0x0 linker stubs

.iplt           0x08007458        0x0
 .iplt          0x08007458        0x0 C:/ST/STM32CubeIDE_1.16.0/STM32CubeIDE/plugins/com.st.stm32cube.ide.mcu.externaltools.gnu-tools-for-stm32.12.3.rel1.win32_1.0.200.202406191623/tools/bin/../lib/gcc/arm-none-eabi/12.3.1/thumb/v7e-m+fp/hard/crtbegin.o

.rodata         0x08007458      0x348
                0x08007458                        . = ALIGN (0x4)
 *(.rodata)
 .rodata        0x08007458       0xdf ./Core/Src/main.o
 *fill*         0x08007537        0x1 
 .rodata        0x08007538        0x5 ./Middlewares/Third_Party/FreeRTOS/Source/tasks.o
 *fill*         0x0800753d        0x3 
 .rodata        0x08007540        0xd ./Middlewares/Third_Party/FreeRTOS/Source/timers.o
 *(.rodata*)
 *fill*         0x0800754d        0x3 
 .rodata.defaultTask_attributes
                0x08007550       0x24 ./Core/Src/main.o
                0x08007550                defaultTask_attributes
 .rodata.get_input_attributes
                0x08007574       0x24 ./Core/Src/main.o
                0x08007574                get_input_attributes
 .rodata.calculate_efi_attributes
                0x08007598       0x24 ./Core/Src/main.o
                0x08007598                calculate_efi_attributes
 .rodata.display_data_attributes
                0x080075bc       0x24 ./Core/Src/main.o
                0x080075bc                display_data_attributes
 .rodata.set_output_attributes
                0x080075e0       0x24 ./Core/Src/main.o
                0x080075e0                set_output_attributes
 .rodata.inject1_control_attributes
                0x08007604       0x24 ./Core/Src/main.o
                0x08007604                inject1_control_attributes
 .rodata.inject2_control_attributes
                0x08007628       0x24 ./Core/Src/main.o
                0x08007628                inject2_control_attributes
 .rodata.inject3_control_attributes
                0x0800764c       0x24 ./Core/Src/main.o
                0x0800764c                inject3_control_attributes
 .rodata.inject4_control_attributes
                0x08007670       0x24 ./Core/Src/main.o
                0x08007670                inject4_control_attributes
 .rodata.spark1_control_attributes
                0x08007694       0x24 ./Core/Src/main.o
                0x08007694                spark1_control_attributes
 .rodata.spark2_control_attributes
                0x080076b8       0x24 ./Core/Src/main.o
                0x080076b8                spark2_control_attributes
 .rodata.spark3_control_attributes
                0x080076dc       0x24 ./Core/Src/main.o
                0x080076dc                spark3_control_attributes
 .rodata.spark4_control_attributes
                0x08007700       0x24 ./Core/Src/main.o
                0x08007700                spark4_control_attributes
 .rodata.AHBPrescTable
                0x08007724       0x10 ./Core/Src/system_stm32f4xx.o
                0x08007724                AHBPrescTable
 .rodata.APBPrescTable
                0x08007734        0x8 ./Core/Src/system_stm32f4xx.o
                0x08007734                APBPrescTable
 .rodata.flagBitshiftOffset.0
                0x0800773c        0x8 ./Drivers/STM32F4xx_HAL_Driver/Src/stm32f4xx_hal_dma.o
 .rodata.LCD16X2_CfgParam
                0x08007744       0x34 ./ECUAL/LCD16X2/LCD16X2_cfg.o
                0x08007744                LCD16X2_CfgParam
 .rodata.__utoa.str1.1
                0x08007778       0x25 C:/ST/STM32CubeIDE_1.16.0/STM32CubeIDE/plugins/com.st.stm32cube.ide.mcu.externaltools.gnu-tools-for-stm32.12.3.rel1.win32_1.0.200.202406191623/tools/bin/../lib/gcc/arm-none-eabi/12.3.1/../../../../arm-none-eabi/lib/thumb/v7e-m+fp/hard\libc_nano.a(libc_a-utoa.o)
                0x080077a0                        . = ALIGN (0x4)
 *fill*         0x0800779d        0x3 

.ARM.extab      0x080077a0        0x0
                0x080077a0                        . = ALIGN (0x4)
 *(.ARM.extab* .gnu.linkonce.armextab.*)
                0x080077a0                        . = ALIGN (0x4)

.ARM            0x080077a0        0x8
                0x080077a0                        . = ALIGN (0x4)
                0x080077a0                        __exidx_start = .
 *(.ARM.exidx*)
 .ARM.exidx     0x080077a0        0x8 C:/ST/STM32CubeIDE_1.16.0/STM32CubeIDE/plugins/com.st.stm32cube.ide.mcu.externaltools.gnu-tools-for-stm32.12.3.rel1.win32_1.0.200.202406191623/tools/bin/../lib/gcc/arm-none-eabi/12.3.1/../../../../arm-none-eabi/lib/thumb/v7e-m+fp/hard\libc_nano.a(libc_a-strlen.o)
 .ARM.exidx     0x080077a8        0x0 C:/ST/STM32CubeIDE_1.16.0/STM32CubeIDE/plugins/com.st.stm32cube.ide.mcu.externaltools.gnu-tools-for-stm32.12.3.rel1.win32_1.0.200.202406191623/tools/bin/../lib/gcc/arm-none-eabi/12.3.1/thumb/v7e-m+fp/hard\libgcc.a(_udivmoddi4.o)
                                  0x8 (size before relaxing)
                0x080077a8                        __exidx_end = .
                0x080077a8                        . = ALIGN (0x4)

.preinit_array  0x080077a8        0x0
                0x080077a8                        . = ALIGN (0x4)
                0x080077a8                        PROVIDE (__preinit_array_start = .)
 *(.preinit_array*)
                0x080077a8                        PROVIDE (__preinit_array_end = .)
                0x080077a8                        . = ALIGN (0x4)

.init_array     0x080077a8        0x4
                0x080077a8                        . = ALIGN (0x4)
                0x080077a8                        PROVIDE (__init_array_start = .)
 *(SORT_BY_NAME(.init_array.*))
 *(.init_array*)
 .init_array    0x080077a8        0x4 C:/ST/STM32CubeIDE_1.16.0/STM32CubeIDE/plugins/com.st.stm32cube.ide.mcu.externaltools.gnu-tools-for-stm32.12.3.rel1.win32_1.0.200.202406191623/tools/bin/../lib/gcc/arm-none-eabi/12.3.1/thumb/v7e-m+fp/hard/crtbegin.o
                0x080077ac                        PROVIDE (__init_array_end = .)
                0x080077ac                        . = ALIGN (0x4)

.fini_array     0x080077ac        0x4
                0x080077ac                        . = ALIGN (0x4)
                [!provide]                        PROVIDE (__fini_array_start = .)
 *(SORT_BY_NAME(.fini_array.*))
 *(.fini_array*)
 .fini_array    0x080077ac        0x4 C:/ST/STM32CubeIDE_1.16.0/STM32CubeIDE/plugins/com.st.stm32cube.ide.mcu.externaltools.gnu-tools-for-stm32.12.3.rel1.win32_1.0.200.202406191623/tools/bin/../lib/gcc/arm-none-eabi/12.3.1/thumb/v7e-m+fp/hard/crtbegin.o
                [!provide]                        PROVIDE (__fini_array_end = .)
                0x080077b0                        . = ALIGN (0x4)
                0x080077b0                        _sidata = LOADADDR (.data)

.rel.dyn        0x080077b0        0x0
 .rel.iplt      0x080077b0        0x0 C:/ST/STM32CubeIDE_1.16.0/STM32CubeIDE/plugins/com.st.stm32cube.ide.mcu.externaltools.gnu-tools-for-stm32.12.3.rel1.win32_1.0.200.202406191623/tools/bin/../lib/gcc/arm-none-eabi/12.3.1/thumb/v7e-m+fp/hard/crtbegin.o

.data           0x20000000      0x20c load address 0x080077b0
                0x20000000                        . = ALIGN (0x4)
                0x20000000                        _sdata = .
 *(.data)
 *(.data*)
 .data.current_rpm
                0x20000000        0x4 ./Core/Src/main.o
                0x20000000                current_rpm
 .data.current_map
                0x20000004        0x1 ./Core/Src/main.o
                0x20000004                current_map
 *fill*         0x20000005        0x3 
 .data.spark_advance
                0x20000008       0xc0 ./Core/Src/main.o
                0x20000008                spark_advance
 .data.injection
                0x200000c8       0xc0 ./Core/Src/main.o
                0x200000c8                injection
 .data.map_vector
                0x20000188        0xc ./Core/Src/main.o
                0x20000188                map_vector
 .data.rpm_vector
                0x20000194       0x16 ./Core/Src/main.o
                0x20000194                rpm_vector
 *fill*         0x200001aa        0x2 
 .data.SystemCoreClock
                0x200001ac        0x4 ./Core/Src/system_stm32f4xx.o
                0x200001ac                SystemCoreClock
 .data.uwTickPrio
                0x200001b0        0x4 ./Drivers/STM32F4xx_HAL_Driver/Src/stm32f4xx_hal.o
                0x200001b0                uwTickPrio
 .data.uwTickFreq
                0x200001b4        0x1 ./Drivers/STM32F4xx_HAL_Driver/Src/stm32f4xx_hal.o
                0x200001b4                uwTickFreq
 *fill*         0x200001b5        0x3 
 .data.uxCriticalNesting
                0x200001b8        0x4 ./Middlewares/Third_Party/FreeRTOS/Source/portable/GCC/ARM_CM4F/port.o
 .data._impure_ptr
                0x200001bc        0x4 C:/ST/STM32CubeIDE_1.16.0/STM32CubeIDE/plugins/com.st.stm32cube.ide.mcu.externaltools.gnu-tools-for-stm32.12.3.rel1.win32_1.0.200.202406191623/tools/bin/../lib/gcc/arm-none-eabi/12.3.1/../../../../arm-none-eabi/lib/thumb/v7e-m+fp/hard\libc_nano.a(libc_a-impure.o)
                0x200001bc                _impure_ptr
 .data._impure_data
                0x200001c0       0x4c C:/ST/STM32CubeIDE_1.16.0/STM32CubeIDE/plugins/com.st.stm32cube.ide.mcu.externaltools.gnu-tools-for-stm32.12.3.rel1.win32_1.0.200.202406191623/tools/bin/../lib/gcc/arm-none-eabi/12.3.1/../../../../arm-none-eabi/lib/thumb/v7e-m+fp/hard\libc_nano.a(libc_a-impure.o)
                0x200001c0                _impure_data
 *(.RamFunc)
 *(.RamFunc*)
                0x2000020c                        . = ALIGN (0x4)
                0x2000020c                        _edata = .
                0x080079bc                        _siccmram = LOADADDR (.ccmram)

.igot.plt       0x2000020c        0x0 load address 0x080079bc
 .igot.plt      0x2000020c        0x0 C:/ST/STM32CubeIDE_1.16.0/STM32CubeIDE/plugins/com.st.stm32cube.ide.mcu.externaltools.gnu-tools-for-stm32.12.3.rel1.win32_1.0.200.202406191623/tools/bin/../lib/gcc/arm-none-eabi/12.3.1/thumb/v7e-m+fp/hard/crtbegin.o

.ccmram         0x10000000        0x0 load address 0x080079bc
                0x10000000                        . = ALIGN (0x4)
                0x10000000                        _sccmram = .
 *(.ccmram)
 *(.ccmram*)
                0x10000000                        . = ALIGN (0x4)
                0x10000000                        _eccmram = .
                0x10000000                        . = ALIGN (0x4)

.bss            0x2000020c     0x5d70
                0x2000020c                        _sbss = .
                0x2000020c                        __bss_start__ = _sbss
 *(.bss)
 .bss           0x2000020c       0x1c C:/ST/STM32CubeIDE_1.16.0/STM32CubeIDE/plugins/com.st.stm32cube.ide.mcu.externaltools.gnu-tools-for-stm32.12.3.rel1.win32_1.0.200.202406191623/tools/bin/../lib/gcc/arm-none-eabi/12.3.1/thumb/v7e-m+fp/hard/crtbegin.o
 *(.bss*)
 .bss.hadc1     0x20000228       0x48 ./Core/Src/main.o
                0x20000228                hadc1
 .bss.hdma_adc1
                0x20000270       0x60 ./Core/Src/main.o
                0x20000270                hdma_adc1
 .bss.huart1    0x200002d0       0x48 ./Core/Src/main.o
                0x200002d0                huart1
 .bss.defaultTaskHandle
                0x20000318        0x4 ./Core/Src/main.o
                0x20000318                defaultTaskHandle
 .bss.get_inputHandle
                0x2000031c        0x4 ./Core/Src/main.o
                0x2000031c                get_inputHandle
 .bss.calculate_efiHandle
                0x20000320        0x4 ./Core/Src/main.o
                0x20000320                calculate_efiHandle
 .bss.calculate_efiBuffer
                0x20000324      0xffc ./Core/Src/main.o
                0x20000324                calculate_efiBuffer
 .bss.calculate_efiControlBlock
                0x20001320       0xa8 ./Core/Src/main.o
                0x20001320                calculate_efiControlBlock
 .bss.display_dataHandle
                0x200013c8        0x4 ./Core/Src/main.o
                0x200013c8                display_dataHandle
 .bss.set_outputHandle
                0x200013cc        0x4 ./Core/Src/main.o
                0x200013cc                set_outputHandle
 .bss.inject1_controlHandle
                0x200013d0        0x4 ./Core/Src/main.o
                0x200013d0                inject1_controlHandle
 .bss.inject2_controlHandle
                0x200013d4        0x4 ./Core/Src/main.o
                0x200013d4                inject2_controlHandle
 .bss.inject3_controlHandle
                0x200013d8        0x4 ./Core/Src/main.o
                0x200013d8                inject3_controlHandle
 .bss.inject4_controlHandle
                0x200013dc        0x4 ./Core/Src/main.o
                0x200013dc                inject4_controlHandle
 .bss.spark1_controlHandle
                0x200013e0        0x4 ./Core/Src/main.o
                0x200013e0                spark1_controlHandle
 .bss.spark2_controlHandle
                0x200013e4        0x4 ./Core/Src/main.o
                0x200013e4                spark2_controlHandle
 .bss.spark3_controlHandle
                0x200013e8        0x4 ./Core/Src/main.o
                0x200013e8                spark3_controlHandle
 .bss.spark4_controlHandle
                0x200013ec        0x4 ./Core/Src/main.o
                0x200013ec                spark4_controlHandle
 .bss.rpm_value
                0x200013f0       0x14 ./Core/Src/main.o
                0x200013f0                rpm_value
 .bss.current_spark
                0x20001404        0x1 ./Core/Src/main.o
                0x20001404                current_spark
 .bss.current_inject
                0x20001405        0x1 ./Core/Src/main.o
                0x20001405                current_inject
 *fill*         0x20001406        0x2 
 .bss.htim1     0x20001408       0x48 ./Core/Src/stm32f4xx_hal_timebase_tim.o
                0x20001408                htim1
 .bss.uwTick    0x20001450        0x4 ./Drivers/STM32F4xx_HAL_Driver/Src/stm32f4xx_hal.o
                0x20001450                uwTick
 .bss.KernelState
                0x20001454        0x4 ./Middlewares/Third_Party/FreeRTOS/Source/CMSIS_RTOS_V2/cmsis_os2.o
 .bss.Idle_TCB.3
                0x20001458       0xa8 ./Middlewares/Third_Party/FreeRTOS/Source/CMSIS_RTOS_V2/cmsis_os2.o
 .bss.Idle_Stack.2
                0x20001500      0x200 ./Middlewares/Third_Party/FreeRTOS/Source/CMSIS_RTOS_V2/cmsis_os2.o
 .bss.Timer_TCB.1
                0x20001700       0xa8 ./Middlewares/Third_Party/FreeRTOS/Source/CMSIS_RTOS_V2/cmsis_os2.o
 .bss.Timer_Stack.0
                0x200017a8      0x400 ./Middlewares/Third_Party/FreeRTOS/Source/CMSIS_RTOS_V2/cmsis_os2.o
 .bss.xQueueRegistry
                0x20001ba8       0x40 ./Middlewares/Third_Party/FreeRTOS/Source/queue.o
                0x20001ba8                xQueueRegistry
 .bss.pxCurrentTCB
                0x20001be8        0x4 ./Middlewares/Third_Party/FreeRTOS/Source/tasks.o
                0x20001be8                pxCurrentTCB
 .bss.pxReadyTasksLists
                0x20001bec      0x460 ./Middlewares/Third_Party/FreeRTOS/Source/tasks.o
 .bss.xDelayedTaskList1
                0x2000204c       0x14 ./Middlewares/Third_Party/FreeRTOS/Source/tasks.o
 .bss.xDelayedTaskList2
                0x20002060       0x14 ./Middlewares/Third_Party/FreeRTOS/Source/tasks.o
 .bss.pxDelayedTaskList
                0x20002074        0x4 ./Middlewares/Third_Party/FreeRTOS/Source/tasks.o
 .bss.pxOverflowDelayedTaskList
                0x20002078        0x4 ./Middlewares/Third_Party/FreeRTOS/Source/tasks.o
 .bss.xPendingReadyList
                0x2000207c       0x14 ./Middlewares/Third_Party/FreeRTOS/Source/tasks.o
 .bss.xTasksWaitingTermination
                0x20002090       0x14 ./Middlewares/Third_Party/FreeRTOS/Source/tasks.o
 .bss.uxDeletedTasksWaitingCleanUp
                0x200020a4        0x4 ./Middlewares/Third_Party/FreeRTOS/Source/tasks.o
 .bss.xSuspendedTaskList
                0x200020a8       0x14 ./Middlewares/Third_Party/FreeRTOS/Source/tasks.o
 .bss.uxCurrentNumberOfTasks
                0x200020bc        0x4 ./Middlewares/Third_Party/FreeRTOS/Source/tasks.o
 .bss.xTickCount
                0x200020c0        0x4 ./Middlewares/Third_Party/FreeRTOS/Source/tasks.o
 .bss.uxTopReadyPriority
                0x200020c4        0x4 ./Middlewares/Third_Party/FreeRTOS/Source/tasks.o
 .bss.xSchedulerRunning
                0x200020c8        0x4 ./Middlewares/Third_Party/FreeRTOS/Source/tasks.o
 .bss.xPendedTicks
                0x200020cc        0x4 ./Middlewares/Third_Party/FreeRTOS/Source/tasks.o
 .bss.xYieldPending
                0x200020d0        0x4 ./Middlewares/Third_Party/FreeRTOS/Source/tasks.o
 .bss.xNumOfOverflows
                0x200020d4        0x4 ./Middlewares/Third_Party/FreeRTOS/Source/tasks.o
 .bss.uxTaskNumber
                0x200020d8        0x4 ./Middlewares/Third_Party/FreeRTOS/Source/tasks.o
 .bss.xNextTaskUnblockTime
                0x200020dc        0x4 ./Middlewares/Third_Party/FreeRTOS/Source/tasks.o
 .bss.xIdleTaskHandle
                0x200020e0        0x4 ./Middlewares/Third_Party/FreeRTOS/Source/tasks.o
 .bss.uxSchedulerSuspended
                0x200020e4        0x4 ./Middlewares/Third_Party/FreeRTOS/Source/tasks.o
 .bss.xActiveTimerList1
                0x200020e8       0x14 ./Middlewares/Third_Party/FreeRTOS/Source/timers.o
 .bss.xActiveTimerList2
                0x200020fc       0x14 ./Middlewares/Third_Party/FreeRTOS/Source/timers.o
 .bss.pxCurrentTimerList
                0x20002110        0x4 ./Middlewares/Third_Party/FreeRTOS/Source/timers.o
 .bss.pxOverflowTimerList
                0x20002114        0x4 ./Middlewares/Third_Party/FreeRTOS/Source/timers.o
 .bss.xTimerQueue
                0x20002118        0x4 ./Middlewares/Third_Party/FreeRTOS/Source/timers.o
 .bss.xTimerTaskHandle
                0x2000211c        0x4 ./Middlewares/Third_Party/FreeRTOS/Source/timers.o
 .bss.xLastTime.2
                0x20002120        0x4 ./Middlewares/Third_Party/FreeRTOS/Source/timers.o
 .bss.ucStaticTimerQueueStorage.1
                0x20002124       0xa0 ./Middlewares/Third_Party/FreeRTOS/Source/timers.o
 .bss.xStaticTimerQueue.0
                0x200021c4       0x50 ./Middlewares/Third_Party/FreeRTOS/Source/timers.o
 .bss.ucMaxSysCallPriority
                0x20002214        0x1 ./Middlewares/Third_Party/FreeRTOS/Source/portable/GCC/ARM_CM4F/port.o
 *fill*         0x20002215        0x3 
 .bss.ulMaxPRIGROUPValue
                0x20002218        0x4 ./Middlewares/Third_Party/FreeRTOS/Source/portable/GCC/ARM_CM4F/port.o
 .bss.ucHeap    0x2000221c     0x3c00 ./Middlewares/Third_Party/FreeRTOS/Source/portable/MemMang/heap_4.o
 .bss.xStart    0x20005e1c        0x8 ./Middlewares/Third_Party/FreeRTOS/Source/portable/MemMang/heap_4.o
 .bss.pxEnd     0x20005e24        0x4 ./Middlewares/Third_Party/FreeRTOS/Source/portable/MemMang/heap_4.o
 .bss.xFreeBytesRemaining
                0x20005e28        0x4 ./Middlewares/Third_Party/FreeRTOS/Source/portable/MemMang/heap_4.o
 .bss.xMinimumEverFreeBytesRemaining
                0x20005e2c        0x4 ./Middlewares/Third_Party/FreeRTOS/Source/portable/MemMang/heap_4.o
 .bss.xNumberOfSuccessfulAllocations
                0x20005e30        0x4 ./Middlewares/Third_Party/FreeRTOS/Source/portable/MemMang/heap_4.o
 .bss.xNumberOfSuccessfulFrees
                0x20005e34        0x4 ./Middlewares/Third_Party/FreeRTOS/Source/portable/MemMang/heap_4.o
 .bss.xBlockAllocatedBit
                0x20005e38        0x4 ./Middlewares/Third_Party/FreeRTOS/Source/portable/MemMang/heap_4.o
 .bss.__sf      0x20005e3c      0x138 C:/ST/STM32CubeIDE_1.16.0/STM32CubeIDE/plugins/com.st.stm32cube.ide.mcu.externaltools.gnu-tools-for-stm32.12.3.rel1.win32_1.0.200.202406191623/tools/bin/../lib/gcc/arm-none-eabi/12.3.1/../../../../arm-none-eabi/lib/thumb/v7e-m+fp/hard\libc_nano.a(libc_a-findfp.o)
                0x20005e3c                __sf
 .bss.__lock___malloc_recursive_mutex
                0x20005f74        0x1 C:/ST/STM32CubeIDE_1.16.0/STM32CubeIDE/plugins/com.st.stm32cube.ide.mcu.externaltools.gnu-tools-for-stm32.12.3.rel1.win32_1.0.200.202406191623/tools/bin/../lib/gcc/arm-none-eabi/12.3.1/../../../../arm-none-eabi/lib/thumb/v7e-m+fp/hard\libc_nano.a(libc_a-lock.o)
                0x20005f74                __lock___malloc_recursive_mutex
 *fill*         0x20005f75        0x3 
 .bss.__malloc_free_list
                0x20005f78        0x4 C:/ST/STM32CubeIDE_1.16.0/STM32CubeIDE/plugins/com.st.stm32cube.ide.mcu.externaltools.gnu-tools-for-stm32.12.3.rel1.win32_1.0.200.202406191623/tools/bin/../lib/gcc/arm-none-eabi/12.3.1/../../../../arm-none-eabi/lib/thumb/v7e-m+fp/hard\libc_nano.a(libc_a-mallocr.o)
                0x20005f78                __malloc_free_list
 *(COMMON)
                0x20005f7c                        . = ALIGN (0x4)
                0x20005f7c                        _ebss = .
                0x20005f7c                        __bss_end__ = _ebss

._user_heap_stack
                0x20005f7c      0x604
                0x20005f80                        . = ALIGN (0x8)
 *fill*         0x20005f7c        0x4 
                [!provide]                        PROVIDE (end = .)
                0x20005f80                        PROVIDE (_end = .)
                0x20006180                        . = (. + _Min_Heap_Size)
 *fill*         0x20005f80      0x200 
                0x20006580                        . = (. + _Min_Stack_Size)
 *fill*         0x20006180      0x400 
                0x20006580                        . = ALIGN (0x8)

/DISCARD/
 libc.a(*)
 libm.a(*)
 libgcc.a(*)

.ARM.attributes
                0x00000000       0x30
 *(.ARM.attributes)
 .ARM.attributes
                0x00000000       0x22 C:/ST/STM32CubeIDE_1.16.0/STM32CubeIDE/plugins/com.st.stm32cube.ide.mcu.externaltools.gnu-tools-for-stm32.12.3.rel1.win32_1.0.200.202406191623/tools/bin/../lib/gcc/arm-none-eabi/12.3.1/thumb/v7e-m+fp/hard/crti.o
 .ARM.attributes
                0x00000022       0x34 C:/ST/STM32CubeIDE_1.16.0/STM32CubeIDE/plugins/com.st.stm32cube.ide.mcu.externaltools.gnu-tools-for-stm32.12.3.rel1.win32_1.0.200.202406191623/tools/bin/../lib/gcc/arm-none-eabi/12.3.1/thumb/v7e-m+fp/hard/crtbegin.o
 .ARM.attributes
                0x00000056       0x34 ./Core/Src/main.o
 .ARM.attributes
                0x0000008a       0x34 ./Core/Src/stm32f4xx_hal_msp.o
 .ARM.attributes
                0x000000be       0x34 ./Core/Src/stm32f4xx_hal_timebase_tim.o
 .ARM.attributes
                0x000000f2       0x34 ./Core/Src/stm32f4xx_it.o
 .ARM.attributes
                0x00000126       0x34 ./Core/Src/system_stm32f4xx.o
 .ARM.attributes
                0x0000015a       0x21 ./Core/Startup/startup_stm32f407vgtx.o
 .ARM.attributes
                0x0000017b       0x34 ./Drivers/STM32F4xx_HAL_Driver/Src/stm32f4xx_hal.o
 .ARM.attributes
                0x000001af       0x34 ./Drivers/STM32F4xx_HAL_Driver/Src/stm32f4xx_hal_adc.o
 .ARM.attributes
                0x000001e3       0x34 ./Drivers/STM32F4xx_HAL_Driver/Src/stm32f4xx_hal_cortex.o
 .ARM.attributes
                0x00000217       0x34 ./Drivers/STM32F4xx_HAL_Driver/Src/stm32f4xx_hal_dma.o
 .ARM.attributes
                0x0000024b       0x34 ./Drivers/STM32F4xx_HAL_Driver/Src/stm32f4xx_hal_gpio.o
 .ARM.attributes
                0x0000027f       0x34 ./Drivers/STM32F4xx_HAL_Driver/Src/stm32f4xx_hal_rcc.o
 .ARM.attributes
                0x000002b3       0x34 ./Drivers/STM32F4xx_HAL_Driver/Src/stm32f4xx_hal_tim.o
 .ARM.attributes
                0x000002e7       0x34 ./Drivers/STM32F4xx_HAL_Driver/Src/stm32f4xx_hal_tim_ex.o
 .ARM.attributes
                0x0000031b       0x34 ./Drivers/STM32F4xx_HAL_Driver/Src/stm32f4xx_hal_uart.o
 .ARM.attributes
                0x0000034f       0x34 ./ECUAL/LCD16X2/LCD16X2.o
 .ARM.attributes
                0x00000383       0x34 ./ECUAL/LCD16X2/LCD16X2_cfg.o
 .ARM.attributes
                0x000003b7       0x34 ./Middlewares/Third_Party/FreeRTOS/Source/CMSIS_RTOS_V2/cmsis_os2.o
 .ARM.attributes
                0x000003eb       0x34 ./Middlewares/Third_Party/FreeRTOS/Source/list.o
 .ARM.attributes
                0x0000041f       0x34 ./Middlewares/Third_Party/FreeRTOS/Source/queue.o
 .ARM.attributes
                0x00000453       0x34 ./Middlewares/Third_Party/FreeRTOS/Source/tasks.o
 .ARM.attributes
                0x00000487       0x34 ./Middlewares/Third_Party/FreeRTOS/Source/timers.o
 .ARM.attributes
                0x000004bb       0x34 ./Middlewares/Third_Party/FreeRTOS/Source/portable/GCC/ARM_CM4F/port.o
 .ARM.attributes
                0x000004ef       0x34 ./Middlewares/Third_Party/FreeRTOS/Source/portable/MemMang/heap_4.o
 .ARM.attributes
                0x00000523       0x34 C:/ST/STM32CubeIDE_1.16.0/STM32CubeIDE/plugins/com.st.stm32cube.ide.mcu.externaltools.gnu-tools-for-stm32.12.3.rel1.win32_1.0.200.202406191623/tools/bin/../lib/gcc/arm-none-eabi/12.3.1/../../../../arm-none-eabi/lib/thumb/v7e-m+fp/hard\libc_nano.a(libc_a-itoa.o)
 .ARM.attributes
                0x00000557       0x34 C:/ST/STM32CubeIDE_1.16.0/STM32CubeIDE/plugins/com.st.stm32cube.ide.mcu.externaltools.gnu-tools-for-stm32.12.3.rel1.win32_1.0.200.202406191623/tools/bin/../lib/gcc/arm-none-eabi/12.3.1/../../../../arm-none-eabi/lib/thumb/v7e-m+fp/hard\libc_nano.a(libc_a-utoa.o)
 .ARM.attributes
                0x0000058b       0x34 C:/ST/STM32CubeIDE_1.16.0/STM32CubeIDE/plugins/com.st.stm32cube.ide.mcu.externaltools.gnu-tools-for-stm32.12.3.rel1.win32_1.0.200.202406191623/tools/bin/../lib/gcc/arm-none-eabi/12.3.1/../../../../arm-none-eabi/lib/thumb/v7e-m+fp/hard\libc_nano.a(libc_a-findfp.o)
 .ARM.attributes
                0x000005bf       0x34 C:/ST/STM32CubeIDE_1.16.0/STM32CubeIDE/plugins/com.st.stm32cube.ide.mcu.externaltools.gnu-tools-for-stm32.12.3.rel1.win32_1.0.200.202406191623/tools/bin/../lib/gcc/arm-none-eabi/12.3.1/../../../../arm-none-eabi/lib/thumb/v7e-m+fp/hard\libc_nano.a(libc_a-memset.o)
 .ARM.attributes
                0x000005f3       0x34 C:/ST/STM32CubeIDE_1.16.0/STM32CubeIDE/plugins/com.st.stm32cube.ide.mcu.externaltools.gnu-tools-for-stm32.12.3.rel1.win32_1.0.200.202406191623/tools/bin/../lib/gcc/arm-none-eabi/12.3.1/../../../../arm-none-eabi/lib/thumb/v7e-m+fp/hard\libc_nano.a(libc_a-reent.o)
 .ARM.attributes
                0x00000627       0x34 C:/ST/STM32CubeIDE_1.16.0/STM32CubeIDE/plugins/com.st.stm32cube.ide.mcu.externaltools.gnu-tools-for-stm32.12.3.rel1.win32_1.0.200.202406191623/tools/bin/../lib/gcc/arm-none-eabi/12.3.1/../../../../arm-none-eabi/lib/thumb/v7e-m+fp/hard\libc_nano.a(libc_a-impure.o)
 .ARM.attributes
                0x0000065b       0x34 C:/ST/STM32CubeIDE_1.16.0/STM32CubeIDE/plugins/com.st.stm32cube.ide.mcu.externaltools.gnu-tools-for-stm32.12.3.rel1.win32_1.0.200.202406191623/tools/bin/../lib/gcc/arm-none-eabi/12.3.1/../../../../arm-none-eabi/lib/thumb/v7e-m+fp/hard\libc_nano.a(libc_a-init.o)
 .ARM.attributes
                0x0000068f       0x34 C:/ST/STM32CubeIDE_1.16.0/STM32CubeIDE/plugins/com.st.stm32cube.ide.mcu.externaltools.gnu-tools-for-stm32.12.3.rel1.win32_1.0.200.202406191623/tools/bin/../lib/gcc/arm-none-eabi/12.3.1/../../../../arm-none-eabi/lib/thumb/v7e-m+fp/hard\libc_nano.a(libc_a-lock.o)
 .ARM.attributes
                0x000006c3       0x34 C:/ST/STM32CubeIDE_1.16.0/STM32CubeIDE/plugins/com.st.stm32cube.ide.mcu.externaltools.gnu-tools-for-stm32.12.3.rel1.win32_1.0.200.202406191623/tools/bin/../lib/gcc/arm-none-eabi/12.3.1/../../../../arm-none-eabi/lib/thumb/v7e-m+fp/hard\libc_nano.a(libc_a-memcpy-stub.o)
 .ARM.attributes
                0x000006f7       0x17 C:/ST/STM32CubeIDE_1.16.0/STM32CubeIDE/plugins/com.st.stm32cube.ide.mcu.externaltools.gnu-tools-for-stm32.12.3.rel1.win32_1.0.200.202406191623/tools/bin/../lib/gcc/arm-none-eabi/12.3.1/../../../../arm-none-eabi/lib/thumb/v7e-m+fp/hard\libc_nano.a(libc_a-strlen.o)
 .ARM.attributes
                0x0000070e       0x34 C:/ST/STM32CubeIDE_1.16.0/STM32CubeIDE/plugins/com.st.stm32cube.ide.mcu.externaltools.gnu-tools-for-stm32.12.3.rel1.win32_1.0.200.202406191623/tools/bin/../lib/gcc/arm-none-eabi/12.3.1/../../../../arm-none-eabi/lib/thumb/v7e-m+fp/hard\libc_nano.a(libc_a-freer.o)
 .ARM.attributes
                0x00000742       0x34 C:/ST/STM32CubeIDE_1.16.0/STM32CubeIDE/plugins/com.st.stm32cube.ide.mcu.externaltools.gnu-tools-for-stm32.12.3.rel1.win32_1.0.200.202406191623/tools/bin/../lib/gcc/arm-none-eabi/12.3.1/../../../../arm-none-eabi/lib/thumb/v7e-m+fp/hard\libc_nano.a(libc_a-mallocr.o)
 .ARM.attributes
                0x00000776       0x34 C:/ST/STM32CubeIDE_1.16.0/STM32CubeIDE/plugins/com.st.stm32cube.ide.mcu.externaltools.gnu-tools-for-stm32.12.3.rel1.win32_1.0.200.202406191623/tools/bin/../lib/gcc/arm-none-eabi/12.3.1/../../../../arm-none-eabi/lib/thumb/v7e-m+fp/hard\libc_nano.a(libc_a-mlock.o)
 .ARM.attributes
                0x000007aa       0x22 C:/ST/STM32CubeIDE_1.16.0/STM32CubeIDE/plugins/com.st.stm32cube.ide.mcu.externaltools.gnu-tools-for-stm32.12.3.rel1.win32_1.0.200.202406191623/tools/bin/../lib/gcc/arm-none-eabi/12.3.1/thumb/v7e-m+fp/hard\libgcc.a(_aeabi_uldivmod.o)
 .ARM.attributes
                0x000007cc       0x34 C:/ST/STM32CubeIDE_1.16.0/STM32CubeIDE/plugins/com.st.stm32cube.ide.mcu.externaltools.gnu-tools-for-stm32.12.3.rel1.win32_1.0.200.202406191623/tools/bin/../lib/gcc/arm-none-eabi/12.3.1/thumb/v7e-m+fp/hard\libgcc.a(_udivmoddi4.o)
 .ARM.attributes
                0x00000800       0x22 C:/ST/STM32CubeIDE_1.16.0/STM32CubeIDE/plugins/com.st.stm32cube.ide.mcu.externaltools.gnu-tools-for-stm32.12.3.rel1.win32_1.0.200.202406191623/tools/bin/../lib/gcc/arm-none-eabi/12.3.1/thumb/v7e-m+fp/hard\libgcc.a(_dvmd_tls.o)
 .ARM.attributes
                0x00000822       0x22 C:/ST/STM32CubeIDE_1.16.0/STM32CubeIDE/plugins/com.st.stm32cube.ide.mcu.externaltools.gnu-tools-for-stm32.12.3.rel1.win32_1.0.200.202406191623/tools/bin/../lib/gcc/arm-none-eabi/12.3.1/thumb/v7e-m+fp/hard/crtn.o
OUTPUT(efi.elf elf32-littlearm)
LOAD linker stubs
LOAD C:/ST/STM32CubeIDE_1.16.0/STM32CubeIDE/plugins/com.st.stm32cube.ide.mcu.externaltools.gnu-tools-for-stm32.12.3.rel1.win32_1.0.200.202406191623/tools/bin/../lib/gcc/arm-none-eabi/12.3.1/../../../../arm-none-eabi/lib/thumb/v7e-m+fp/hard\libc.a
LOAD C:/ST/STM32CubeIDE_1.16.0/STM32CubeIDE/plugins/com.st.stm32cube.ide.mcu.externaltools.gnu-tools-for-stm32.12.3.rel1.win32_1.0.200.202406191623/tools/bin/../lib/gcc/arm-none-eabi/12.3.1/../../../../arm-none-eabi/lib/thumb/v7e-m+fp/hard\libm.a
LOAD C:/ST/STM32CubeIDE_1.16.0/STM32CubeIDE/plugins/com.st.stm32cube.ide.mcu.externaltools.gnu-tools-for-stm32.12.3.rel1.win32_1.0.200.202406191623/tools/bin/../lib/gcc/arm-none-eabi/12.3.1/thumb/v7e-m+fp/hard\libgcc.a

.debug_info     0x00000000    0x1aede
 .debug_info    0x00000000     0x27e1 ./Core/Src/main.o
 .debug_info    0x000027e1      0xe96 ./Core/Src/stm32f4xx_hal_msp.o
 .debug_info    0x00003677      0xbe0 ./Core/Src/stm32f4xx_hal_timebase_tim.o
 .debug_info    0x00004257      0x6d4 ./Core/Src/stm32f4xx_it.o
 .debug_info    0x0000492b      0x512 ./Core/Src/system_stm32f4xx.o
 .debug_info    0x00004e3d       0x30 ./Core/Startup/startup_stm32f407vgtx.o
 .debug_info    0x00004e6d      0x944 ./Drivers/STM32F4xx_HAL_Driver/Src/stm32f4xx_hal.o
 .debug_info    0x000057b1      0xcd4 ./Drivers/STM32F4xx_HAL_Driver/Src/stm32f4xx_hal_adc.o
 .debug_info    0x00006485      0xd8c ./Drivers/STM32F4xx_HAL_Driver/Src/stm32f4xx_hal_cortex.o
 .debug_info    0x00007211      0x8e7 ./Drivers/STM32F4xx_HAL_Driver/Src/stm32f4xx_hal_dma.o
 .debug_info    0x00007af8      0x6c3 ./Drivers/STM32F4xx_HAL_Driver/Src/stm32f4xx_hal_gpio.o
 .debug_info    0x000081bb      0x8af ./Drivers/STM32F4xx_HAL_Driver/Src/stm32f4xx_hal_rcc.o
 .debug_info    0x00008a6a     0x299d ./Drivers/STM32F4xx_HAL_Driver/Src/stm32f4xx_hal_tim.o
 .debug_info    0x0000b407     0x14db ./Drivers/STM32F4xx_HAL_Driver/Src/stm32f4xx_hal_tim_ex.o
 .debug_info    0x0000c8e2     0x2f4f ./Drivers/STM32F4xx_HAL_Driver/Src/stm32f4xx_hal_uart.o
 .debug_info    0x0000f831      0x776 ./ECUAL/LCD16X2/LCD16X2.o
 .debug_info    0x0000ffa7      0x242 ./ECUAL/LCD16X2/LCD16X2_cfg.o
 .debug_info    0x000101e9     0x4109 ./Middlewares/Third_Party/FreeRTOS/Source/CMSIS_RTOS_V2/cmsis_os2.o
 .debug_info    0x000142f2      0x2af ./Middlewares/Third_Party/FreeRTOS/Source/list.o
 .debug_info    0x000145a1     0x1b79 ./Middlewares/Third_Party/FreeRTOS/Source/queue.o
 .debug_info    0x0001611a     0x28c1 ./Middlewares/Third_Party/FreeRTOS/Source/tasks.o
 .debug_info    0x000189db     0x1b50 ./Middlewares/Third_Party/FreeRTOS/Source/timers.o
 .debug_info    0x0001a52b      0x4de ./Middlewares/Third_Party/FreeRTOS/Source/portable/GCC/ARM_CM4F/port.o
 .debug_info    0x0001aa09      0x4d5 ./Middlewares/Third_Party/FreeRTOS/Source/portable/MemMang/heap_4.o

.debug_abbrev   0x00000000     0x398a
 .debug_abbrev  0x00000000      0x3e0 ./Core/Src/main.o
 .debug_abbrev  0x000003e0      0x209 ./Core/Src/stm32f4xx_hal_msp.o
 .debug_abbrev  0x000005e9      0x1f4 ./Core/Src/stm32f4xx_hal_timebase_tim.o
 .debug_abbrev  0x000007dd      0x181 ./Core/Src/stm32f4xx_it.o
 .debug_abbrev  0x0000095e      0x11a ./Core/Src/system_stm32f4xx.o
 .debug_abbrev  0x00000a78       0x24 ./Core/Startup/startup_stm32f407vgtx.o
 .debug_abbrev  0x00000a9c      0x214 ./Drivers/STM32F4xx_HAL_Driver/Src/stm32f4xx_hal.o
 .debug_abbrev  0x00000cb0      0x252 ./Drivers/STM32F4xx_HAL_Driver/Src/stm32f4xx_hal_adc.o
 .debug_abbrev  0x00000f02      0x31d ./Drivers/STM32F4xx_HAL_Driver/Src/stm32f4xx_hal_cortex.o
 .debug_abbrev  0x0000121f      0x264 ./Drivers/STM32F4xx_HAL_Driver/Src/stm32f4xx_hal_dma.o
 .debug_abbrev  0x00001483      0x1d4 ./Drivers/STM32F4xx_HAL_Driver/Src/stm32f4xx_hal_gpio.o
 .debug_abbrev  0x00001657      0x2b7 ./Drivers/STM32F4xx_HAL_Driver/Src/stm32f4xx_hal_rcc.o
 .debug_abbrev  0x0000190e      0x278 ./Drivers/STM32F4xx_HAL_Driver/Src/stm32f4xx_hal_tim.o
 .debug_abbrev  0x00001b86      0x283 ./Drivers/STM32F4xx_HAL_Driver/Src/stm32f4xx_hal_tim_ex.o
 .debug_abbrev  0x00001e09      0x30e ./Drivers/STM32F4xx_HAL_Driver/Src/stm32f4xx_hal_uart.o
 .debug_abbrev  0x00002117      0x1ba ./ECUAL/LCD16X2/LCD16X2.o
 .debug_abbrev  0x000022d1       0xe7 ./ECUAL/LCD16X2/LCD16X2_cfg.o
 .debug_abbrev  0x000023b8      0x548 ./Middlewares/Third_Party/FreeRTOS/Source/CMSIS_RTOS_V2/cmsis_os2.o
 .debug_abbrev  0x00002900       0xf5 ./Middlewares/Third_Party/FreeRTOS/Source/list.o
 .debug_abbrev  0x000029f5      0x3b6 ./Middlewares/Third_Party/FreeRTOS/Source/queue.o
 .debug_abbrev  0x00002dab      0x3fe ./Middlewares/Third_Party/FreeRTOS/Source/tasks.o
 .debug_abbrev  0x000031a9      0x368 ./Middlewares/Third_Party/FreeRTOS/Source/timers.o
 .debug_abbrev  0x00003511      0x25c ./Middlewares/Third_Party/FreeRTOS/Source/portable/GCC/ARM_CM4F/port.o
 .debug_abbrev  0x0000376d      0x21d ./Middlewares/Third_Party/FreeRTOS/Source/portable/MemMang/heap_4.o

.debug_aranges  0x00000000     0x1648
 .debug_aranges
                0x00000000       0xe8 ./Core/Src/main.o
 .debug_aranges
                0x000000e8       0x40 ./Core/Src/stm32f4xx_hal_msp.o
 .debug_aranges
                0x00000128       0x30 ./Core/Src/stm32f4xx_hal_timebase_tim.o
 .debug_aranges
                0x00000158       0x58 ./Core/Src/stm32f4xx_it.o
 .debug_aranges
                0x000001b0       0x28 ./Core/Src/system_stm32f4xx.o
 .debug_aranges
                0x000001d8       0x28 ./Core/Startup/startup_stm32f407vgtx.o
 .debug_aranges
                0x00000200       0xf0 ./Drivers/STM32F4xx_HAL_Driver/Src/stm32f4xx_hal.o
 .debug_aranges
                0x000002f0       0xe8 ./Drivers/STM32F4xx_HAL_Driver/Src/stm32f4xx_hal_adc.o
 .debug_aranges
                0x000003d8      0x130 ./Drivers/STM32F4xx_HAL_Driver/Src/stm32f4xx_hal_cortex.o
 .debug_aranges
                0x00000508       0x90 ./Drivers/STM32F4xx_HAL_Driver/Src/stm32f4xx_hal_dma.o
 .debug_aranges
                0x00000598       0x58 ./Drivers/STM32F4xx_HAL_Driver/Src/stm32f4xx_hal_gpio.o
 .debug_aranges
                0x000005f0       0x88 ./Drivers/STM32F4xx_HAL_Driver/Src/stm32f4xx_hal_rcc.o
 .debug_aranges
                0x00000678      0x3d0 ./Drivers/STM32F4xx_HAL_Driver/Src/stm32f4xx_hal_tim.o
 .debug_aranges
                0x00000a48      0x168 ./Drivers/STM32F4xx_HAL_Driver/Src/stm32f4xx_hal_tim_ex.o
 .debug_aranges
                0x00000bb0      0x208 ./Drivers/STM32F4xx_HAL_Driver/Src/stm32f4xx_hal_uart.o
 .debug_aranges
                0x00000db8       0x60 ./ECUAL/LCD16X2/LCD16X2.o
 .debug_aranges
                0x00000e18       0x18 ./ECUAL/LCD16X2/LCD16X2_cfg.o
 .debug_aranges
                0x00000e30      0x2b0 ./Middlewares/Third_Party/FreeRTOS/Source/CMSIS_RTOS_V2/cmsis_os2.o
 .debug_aranges
                0x000010e0       0x40 ./Middlewares/Third_Party/FreeRTOS/Source/list.o
 .debug_aranges
                0x00001120      0x158 ./Middlewares/Third_Party/FreeRTOS/Source/queue.o
 .debug_aranges
                0x00001278      0x208 ./Middlewares/Third_Party/FreeRTOS/Source/tasks.o
 .debug_aranges
                0x00001480       0xf0 ./Middlewares/Third_Party/FreeRTOS/Source/timers.o
 .debug_aranges
                0x00001570       0x80 ./Middlewares/Third_Party/FreeRTOS/Source/portable/GCC/ARM_CM4F/port.o
 .debug_aranges
                0x000015f0       0x58 ./Middlewares/Third_Party/FreeRTOS/Source/portable/MemMang/heap_4.o

.debug_rnglists
                0x00000000     0x1146
 .debug_rnglists
                0x00000000       0xb0 ./Core/Src/main.o
 .debug_rnglists
                0x000000b0       0x2d ./Core/Src/stm32f4xx_hal_msp.o
 .debug_rnglists
                0x000000dd       0x20 ./Core/Src/stm32f4xx_hal_timebase_tim.o
 .debug_rnglists
                0x000000fd       0x3d ./Core/Src/stm32f4xx_it.o
 .debug_rnglists
                0x0000013a       0x1a ./Core/Src/system_stm32f4xx.o
 .debug_rnglists
                0x00000154       0x19 ./Core/Startup/startup_stm32f407vgtx.o
 .debug_rnglists
                0x0000016d       0xaf ./Drivers/STM32F4xx_HAL_Driver/Src/stm32f4xx_hal.o
 .debug_rnglists
                0x0000021c       0xb5 ./Drivers/STM32F4xx_HAL_Driver/Src/stm32f4xx_hal_adc.o
 .debug_rnglists
                0x000002d1       0xe0 ./Drivers/STM32F4xx_HAL_Driver/Src/stm32f4xx_hal_cortex.o
 .debug_rnglists
                0x000003b1       0x70 ./Drivers/STM32F4xx_HAL_Driver/Src/stm32f4xx_hal_dma.o
 .debug_rnglists
                0x00000421       0x3f ./Drivers/STM32F4xx_HAL_Driver/Src/stm32f4xx_hal_gpio.o
 .debug_rnglists
                0x00000460       0x66 ./Drivers/STM32F4xx_HAL_Driver/Src/stm32f4xx_hal_rcc.o
 .debug_rnglists
                0x000004c6      0x31a ./Drivers/STM32F4xx_HAL_Driver/Src/stm32f4xx_hal_tim.o
 .debug_rnglists
                0x000007e0      0x125 ./Drivers/STM32F4xx_HAL_Driver/Src/stm32f4xx_hal_tim_ex.o
 .debug_rnglists
                0x00000905      0x1bc ./Drivers/STM32F4xx_HAL_Driver/Src/stm32f4xx_hal_uart.o
 .debug_rnglists
                0x00000ac1       0x48 ./ECUAL/LCD16X2/LCD16X2.o
 .debug_rnglists
                0x00000b09      0x212 ./Middlewares/Third_Party/FreeRTOS/Source/CMSIS_RTOS_V2/cmsis_os2.o
 .debug_rnglists
                0x00000d1b       0x2b ./Middlewares/Third_Party/FreeRTOS/Source/list.o
 .debug_rnglists
                0x00000d46      0x109 ./Middlewares/Third_Party/FreeRTOS/Source/queue.o
 .debug_rnglists
                0x00000e4f      0x1a0 ./Middlewares/Third_Party/FreeRTOS/Source/tasks.o
 .debug_rnglists
                0x00000fef       0xb8 ./Middlewares/Third_Party/FreeRTOS/Source/timers.o
 .debug_rnglists
                0x000010a7       0x5d ./Middlewares/Third_Party/FreeRTOS/Source/portable/GCC/ARM_CM4F/port.o
 .debug_rnglists
                0x00001104       0x42 ./Middlewares/Third_Party/FreeRTOS/Source/portable/MemMang/heap_4.o

.debug_macro    0x00000000     0x3fb4
 .debug_macro   0x00000000      0x3c1 ./Core/Src/main.o
 .debug_macro   0x000003c1      0x16f ./Core/Src/main.o
 .debug_macro   0x00000530       0x66 ./Core/Src/main.o
 .debug_macro   0x00000596       0x74 ./Core/Src/main.o
 .debug_macro   0x0000060a       0xdd ./Core/Src/main.o
 .debug_macro   0x000006e7       0x16 ./Core/Src/main.o
 .debug_macro   0x000006fd      0x369 ./Core/Src/main.o
 .debug_macro   0x00000a66       0x10 ./Core/Src/main.o
 .debug_macro   0x00000a76       0x20 ./Core/Src/main.o
 .debug_macro   0x00000a96      0x19b ./Core/Src/main.o
 .debug_macro   0x00000c31      0x205 ./Core/Src/stm32f4xx_hal_msp.o
 .debug_macro   0x00000e36      0x1f6 ./Core/Src/stm32f4xx_hal_timebase_tim.o
 .debug_macro   0x0000102c      0x20f ./Core/Src/stm32f4xx_it.o
 .debug_macro   0x0000123b      0x1f6 ./Core/Src/system_stm32f4xx.o
 .debug_macro   0x00001431      0x256 ./Drivers/STM32F4xx_HAL_Driver/Src/stm32f4xx_hal.o
 .debug_macro   0x00001687      0x1f7 ./Drivers/STM32F4xx_HAL_Driver/Src/stm32f4xx_hal_adc.o
 .debug_macro   0x0000187e      0x1f6 ./Drivers/STM32F4xx_HAL_Driver/Src/stm32f4xx_hal_cortex.o
 .debug_macro   0x00001a74      0x1fc ./Drivers/STM32F4xx_HAL_Driver/Src/stm32f4xx_hal_dma.o
 .debug_macro   0x00001c70      0x1fc ./Drivers/STM32F4xx_HAL_Driver/Src/stm32f4xx_hal_gpio.o
 .debug_macro   0x00001e6c      0x21a ./Drivers/STM32F4xx_HAL_Driver/Src/stm32f4xx_hal_rcc.o
 .debug_macro   0x00002086      0x1f7 ./Drivers/STM32F4xx_HAL_Driver/Src/stm32f4xx_hal_tim.o
 .debug_macro   0x0000227d      0x1f6 ./Drivers/STM32F4xx_HAL_Driver/Src/stm32f4xx_hal_tim_ex.o
 .debug_macro   0x00002473      0x1f7 ./Drivers/STM32F4xx_HAL_Driver/Src/stm32f4xx_hal_uart.o
 .debug_macro   0x0000266a      0x227 ./ECUAL/LCD16X2/LCD16X2.o
 .debug_macro   0x00002891       0x10 ./ECUAL/LCD16X2/LCD16X2.o
 .debug_macro   0x000028a1       0x3a ./ECUAL/LCD16X2/LCD16X2.o
 .debug_macro   0x000028db      0x218 ./ECUAL/LCD16X2/LCD16X2_cfg.o
 .debug_macro   0x00002af3      0x3ff ./Middlewares/Third_Party/FreeRTOS/Source/CMSIS_RTOS_V2/cmsis_os2.o
 .debug_macro   0x00002ef2       0x10 ./Middlewares/Third_Party/FreeRTOS/Source/CMSIS_RTOS_V2/cmsis_os2.o
 .debug_macro   0x00002f02       0xf5 ./Middlewares/Third_Party/FreeRTOS/Source/CMSIS_RTOS_V2/cmsis_os2.o
 .debug_macro   0x00002ff7       0x16 ./Middlewares/Third_Party/FreeRTOS/Source/CMSIS_RTOS_V2/cmsis_os2.o
 .debug_macro   0x0000300d       0x91 ./Middlewares/Third_Party/FreeRTOS/Source/CMSIS_RTOS_V2/cmsis_os2.o
 .debug_macro   0x0000309e       0x8d ./Middlewares/Third_Party/FreeRTOS/Source/CMSIS_RTOS_V2/cmsis_os2.o
 .debug_macro   0x0000312b       0x9a ./Middlewares/Third_Party/FreeRTOS/Source/CMSIS_RTOS_V2/cmsis_os2.o
 .debug_macro   0x000031c5       0x22 ./Middlewares/Third_Party/FreeRTOS/Source/CMSIS_RTOS_V2/cmsis_os2.o
 .debug_macro   0x000031e7       0x56 ./Middlewares/Third_Party/FreeRTOS/Source/CMSIS_RTOS_V2/cmsis_os2.o
 .debug_macro   0x0000323d      0x199 ./Middlewares/Third_Party/FreeRTOS/Source/list.o
 .debug_macro   0x000033d6      0x228 ./Middlewares/Third_Party/FreeRTOS/Source/queue.o
 .debug_macro   0x000035fe       0x16 ./Middlewares/Third_Party/FreeRTOS/Source/queue.o
 .debug_macro   0x00003614       0x87 ./Middlewares/Third_Party/FreeRTOS/Source/queue.o
 .debug_macro   0x0000369b      0x291 ./Middlewares/Third_Party/FreeRTOS/Source/tasks.o
 .debug_macro   0x0000392c       0x10 ./Middlewares/Third_Party/FreeRTOS/Source/tasks.o
 .debug_macro   0x0000393c      0x1ee ./Middlewares/Third_Party/FreeRTOS/Source/timers.o
 .debug_macro   0x00003b2a       0x97 ./Middlewares/Third_Party/FreeRTOS/Source/timers.o
 .debug_macro   0x00003bc1      0x233 ./Middlewares/Third_Party/FreeRTOS/Source/portable/GCC/ARM_CM4F/port.o
 .debug_macro   0x00003df4      0x1c0 ./Middlewares/Third_Party/FreeRTOS/Source/portable/MemMang/heap_4.o

.debug_line     0x00000000    0x1983d
 .debug_line    0x00000000     0x10c7 ./Core/Src/main.o
 .debug_line    0x000010c7      0x852 ./Core/Src/stm32f4xx_hal_msp.o
 .debug_line    0x00001919      0x806 ./Core/Src/stm32f4xx_hal_timebase_tim.o
 .debug_line    0x0000211f      0x84a ./Core/Src/stm32f4xx_it.o
 .debug_line    0x00002969      0x81a ./Core/Src/system_stm32f4xx.o
 .debug_line    0x00003183       0x7a ./Core/Startup/startup_stm32f407vgtx.o
 .debug_line    0x000031fd      0xa83 ./Drivers/STM32F4xx_HAL_Driver/Src/stm32f4xx_hal.o
 .debug_line    0x00003c80     0x130b ./Drivers/STM32F4xx_HAL_Driver/Src/stm32f4xx_hal_adc.o
 .debug_line    0x00004f8b      0xd75 ./Drivers/STM32F4xx_HAL_Driver/Src/stm32f4xx_hal_cortex.o
 .debug_line    0x00005d00      0xff3 ./Drivers/STM32F4xx_HAL_Driver/Src/stm32f4xx_hal_dma.o
 .debug_line    0x00006cf3      0xc0f ./Drivers/STM32F4xx_HAL_Driver/Src/stm32f4xx_hal_gpio.o
 .debug_line    0x00007902      0xe0c ./Drivers/STM32F4xx_HAL_Driver/Src/stm32f4xx_hal_rcc.o
 .debug_line    0x0000870e     0x3827 ./Drivers/STM32F4xx_HAL_Driver/Src/stm32f4xx_hal_tim.o
 .debug_line    0x0000bf35     0x1a79 ./Drivers/STM32F4xx_HAL_Driver/Src/stm32f4xx_hal_tim_ex.o
 .debug_line    0x0000d9ae     0x2955 ./Drivers/STM32F4xx_HAL_Driver/Src/stm32f4xx_hal_uart.o
 .debug_line    0x00010303      0xae1 ./ECUAL/LCD16X2/LCD16X2.o
 .debug_line    0x00010de4      0x79a ./ECUAL/LCD16X2/LCD16X2_cfg.o
 .debug_line    0x0001157e     0x23ee ./Middlewares/Third_Party/FreeRTOS/Source/CMSIS_RTOS_V2/cmsis_os2.o
 .debug_line    0x0001396c      0x7a1 ./Middlewares/Third_Party/FreeRTOS/Source/list.o
 .debug_line    0x0001410d     0x176b ./Middlewares/Third_Party/FreeRTOS/Source/queue.o
 .debug_line    0x00015878     0x1e66 ./Middlewares/Third_Party/FreeRTOS/Source/tasks.o
 .debug_line    0x000176de      0xe29 ./Middlewares/Third_Party/FreeRTOS/Source/timers.o
 .debug_line    0x00018507      0x96a ./Middlewares/Third_Party/FreeRTOS/Source/portable/GCC/ARM_CM4F/port.o
 .debug_line    0x00018e71      0x9cc ./Middlewares/Third_Party/FreeRTOS/Source/portable/MemMang/heap_4.o

.debug_str      0x00000000    0xe3091
 .debug_str     0x00000000    0xda40b ./Core/Src/main.o
                              0xda880 (size before relaxing)
 .debug_str     0x000da40b       0xa9 ./Core/Src/stm32f4xx_hal_msp.o
                              0xd11ba (size before relaxing)
 .debug_str     0x000da4b4       0xf7 ./Core/Src/stm32f4xx_hal_timebase_tim.o
                              0xd0f06 (size before relaxing)
 .debug_str     0x000da5ab       0xe9 ./Core/Src/stm32f4xx_it.o
                              0xd0a60 (size before relaxing)
 .debug_str     0x000da694       0xdb ./Core/Src/system_stm32f4xx.o
                              0xd041f (size before relaxing)
 .debug_str     0x000da76f       0x44 ./Core/Startup/startup_stm32f407vgtx.o
                                 0x78 (size before relaxing)
 .debug_str     0x000da7b3      0x5d3 ./Drivers/STM32F4xx_HAL_Driver/Src/stm32f4xx_hal.o
                              0xd0fa3 (size before relaxing)
 .debug_str     0x000dad86      0x2af ./Drivers/STM32F4xx_HAL_Driver/Src/stm32f4xx_hal_adc.o
                              0xd0a0c (size before relaxing)
 .debug_str     0x000db035      0x376 ./Drivers/STM32F4xx_HAL_Driver/Src/stm32f4xx_hal_cortex.o
                              0xd0d1f (size before relaxing)